Archive member included to satisfy reference by file (symbol)

C:/devkitPro/libnds/lib\libnds9.a(console.o)
                              main.o (consoleSelect)
C:/devkitPro/libnds/lib\libnds9.a(keys.o)
                              main.o (scanKeys)
C:/devkitPro/libnds/lib\libnds9.a(initSystem.o)
                              C:/devkitPro/devkitARM/bin/../lib/gcc/arm-none-eabi/13.2.0/../../../../arm-none-eabi/lib/thumb/ds_arm9_crt0.o (initSystem)
C:/devkitPro/libnds/lib\libnds9.a(securearea.o)
                              C:/devkitPro/devkitARM/bin/../lib/gcc/arm-none-eabi/13.2.0/../../../../arm-none-eabi/lib/thumb/ds_arm9_crt0.o (__secure_area__)
C:/devkitPro/libnds/lib\libnds9.a(interrupts.o)
                              C:/devkitPro/libnds/lib\libnds9.a(initSystem.o) (irqInit)
C:/devkitPro/libnds/lib\libnds9.a(libnds_exit.arm.o)
                              C:/devkitPro/devkitARM/bin/../lib/gcc/arm-none-eabi/13.2.0/../../../../arm-none-eabi/lib/thumb/ds_arm9_crt0.o (__libnds_exit)
C:/devkitPro/libnds/lib\libnds9.a(fifosystem.o)
                              C:/devkitPro/libnds/lib\libnds9.a(initSystem.o) (fifoSetValue32Handler)
C:/devkitPro/libnds/lib\libnds9.a(mpu_setup.o)
                              C:/devkitPro/devkitARM/bin/../lib/gcc/arm-none-eabi/13.2.0/../../../../arm-none-eabi/lib/thumb/ds_arm9_crt0.o (__libnds_mpu_setup)
C:/devkitPro/libnds/lib\libnds9.a(IntrWait.o)
                              main.o (swiWaitForVBlank)
C:/devkitPro/libnds/lib\libnds9.a(cpu_clock.o)
                              C:/devkitPro/libnds/lib\libnds9.a(initSystem.o) (setCpuClock)
C:/devkitPro/libnds/lib\libnds9.a(interruptDispatcher.o)
                              C:/devkitPro/libnds/lib\libnds9.a(interrupts.o) (IntrMain)
C:/devkitPro/libnds/lib\libnds9.a(debugprint.o)
                              C:/devkitPro/libnds/lib\libnds9.a(console.o) (nocashWrite)
C:/devkitPro/libnds/lib\libnds9.a(swiSoftReset.o)
                              C:/devkitPro/libnds/lib\libnds9.a(fifosystem.o) (swiSoftReset)
C:/devkitPro/libnds/lib\libnds9.a(default_font.bin.o)
                              C:/devkitPro/libnds/lib\libnds9.a(console.o) (default_font_bin)
C:/devkitPro/libnds/lib\libnds9.a(background.o)
                              C:/devkitPro/libnds/lib\libnds9.a(console.o) (bgState)
C:/devkitPro/libnds/lib\libnds9.a(trig.o)
                              C:/devkitPro/libnds/lib\libnds9.a(background.o) (sinLerp)
C:/devkitPro/libnds/lib\libnds9.a(video.o)
                              C:/devkitPro/libnds/lib\libnds9.a(initSystem.o) (vramDefault)
C:/devkitPro/libnds/lib\libnds9.a(system.o)
                              C:/devkitPro/libnds/lib\libnds9.a(initSystem.o) (systemValueHandler)
C:/devkitPro/libnds/lib\libnds9.a(biosCalls.o)
                              C:/devkitPro/libnds/lib\libnds9.a(system.o) (swiDelay)
C:/devkitPro/devkitARM/bin/../lib/gcc/arm-none-eabi/13.2.0/thumb\libgcc.a(_arm_muldf3.o)
                              main.o (__aeabi_dmul)
C:/devkitPro/devkitARM/bin/../lib/gcc/arm-none-eabi/13.2.0/thumb\libgcc.a(_arm_mulsf3.o)
                              main.o (__aeabi_fmul)
C:/devkitPro/devkitARM/bin/../lib/gcc/arm-none-eabi/13.2.0/thumb\libgcc.a(_divsi3.o)
                              C:/devkitPro/libnds/lib\libnds9.a(console.o) (__aeabi_idivmod)
C:/devkitPro/devkitARM/bin/../lib/gcc/arm-none-eabi/13.2.0/thumb\libgcc.a(_dvmd_tls.o)
                              C:/devkitPro/devkitARM/bin/../lib/gcc/arm-none-eabi/13.2.0/thumb\libgcc.a(_divsi3.o) (__aeabi_idiv0)
C:/devkitPro/devkitARM/bin/../lib/gcc/arm-none-eabi/13.2.0/thumb\libgcc.a(_arm_addsubdf3.o)
                              main.o (__aeabi_i2d)
C:/devkitPro/devkitARM/bin/../lib/gcc/arm-none-eabi/13.2.0/thumb\libgcc.a(_arm_fixdfsi.o)
                              main.o (__aeabi_d2iz)
C:/devkitPro/devkitARM/bin/../lib/gcc/arm-none-eabi/13.2.0/thumb\libgcc.a(_arm_addsubsf3.o)
                              main.o (__aeabi_i2f)
C:/devkitPro/devkitARM/bin/../lib/gcc/arm-none-eabi/13.2.0/../../../../arm-none-eabi/lib/thumb\libg.a(libc_a-sprintf.o)
                              main.o (sprintf)
C:/devkitPro/devkitARM/bin/../lib/gcc/arm-none-eabi/13.2.0/../../../../arm-none-eabi/lib/thumb\libg.a(libc_a-bsearch.o)
                              C:/devkitPro/libnds/lib\libnds9.a(trig.o) (bsearch)
C:/devkitPro/devkitARM/bin/../lib/gcc/arm-none-eabi/13.2.0/../../../../arm-none-eabi/lib/thumb\libg.a(libc_a-siscanf.o)
                              C:/devkitPro/libnds/lib\libnds9.a(console.o) (siscanf)
C:/devkitPro/devkitARM/bin/../lib/gcc/arm-none-eabi/13.2.0/../../../../arm-none-eabi/lib/thumb\libg.a(libc_a-setvbuf.o)
                              C:/devkitPro/libnds/lib\libnds9.a(console.o) (setvbuf)
C:/devkitPro/devkitARM/bin/../lib/gcc/arm-none-eabi/13.2.0/../../../../arm-none-eabi/lib/thumb\libg.a(libc_a-svfiscanf.o)
[...]
Memory Configuration

Name             Origin             Length             Attributes
ewram            0x02000000         0x00380000
dtcm             0x02ff0000         0x00004000
vectors          0x01000000         0x00000100
itcm             0x01000100         0x00007f00
*default*        0x00000000         0xffffffff

Linker script and memory map

                0x02380000                        __ewram_end = (ORIGIN (ewram) + LENGTH (ewram))
                0x02380000                        __eheap_end = (ORIGIN (ewram) + LENGTH (ewram))
                0x02ff4000                        __dtcm_top = (ORIGIN (dtcm) + LENGTH (dtcm))
                0x02ff3ff8                        __irq_flags = (__dtcm_top - 0x8)
                0x02ff3ffc                        __irq_vector = (__dtcm_top - 0x4)
                0x02ff3f00                        __sp_svc = (__dtcm_top - 0x100)
                0x02ff3e00                        __sp_irq = (__sp_svc - 0x100)
                0x02ff3d00                        __sp_usr = (__sp_irq - 0x100)

.secure         0x02000000      0x800
 *(.secure)
 .secure        0x02000000      0x800 C:/devkitPro/libnds/lib\libnds9.a(securearea.o)
                0x02000000                __secure_area__

.crt0           0x02000800      0x300
                0x02000800                        __text_start = .
 *(.crt0)
 .crt0          0x02000800      0x300 C:/devkitPro/devkitARM/bin/../lib/gcc/arm-none-eabi/13.2.0/../../../../arm-none-eabi/lib/thumb/ds_arm9_crt0.o
                0x02000800                _start
                0x02000b00                        . = ALIGN (0x4)

.plt
 *(.plt)

.init           0x02000b00        0xc
 *(SORT_NONE(.init))
 .init          0x02000b00        0x4 C:/devkitPro/devkitARM/bin/../lib/gcc/arm-none-eabi/13.2.0/thumb/crti.o
                0x02000b00                _init
 .init          0x02000b04        0x8 C:/devkitPro/devkitARM/bin/../lib/gcc/arm-none-eabi/13.2.0/thumb/crtn.o

.text           0x02000b10     0xe6e0
 *(EXCLUDE_FILE(*.twl* *.vectors* *.itcm*) .text)
 .text          0x02000b10      0x548 main.o
                0x02000b10                showEasyFlag
                0x02000b60                showHardFlag
                0x02000c54                initGame
                0x02000c74                decreaseCurrentLetterScore
                0x02000c98                calcRemainingSeconds
                0x02000cac                userHasWon
                0x02000cc0                updateUserScore
                0x02000ccc                randomNumber0To4
                0x02000cdc                setNewLetter
                0x02000d1c                printLetter
                0x02000e1c                gameOver
                0x02000e40                playGame
                0x02000fe0                drawTop
 .text          0x02001058      0x198 C:/devkitPro/devkitARM/bin/../lib/gcc/arm-none-eabi/13.2.0/thumb\libgcc.a(_arm_mulsf3.o)
                0x02001058                __aeabi_fmul
                0x02001058                __mulsf3
 .text          0x020011f0      0x150 C:/devkitPro/devkitARM/bin/../lib/gcc/arm-none-eabi/13.2.0/thumb\libgcc.a(_divsi3.o)
                0x020011f0                __divsi3
                0x020011f0                __aeabi_idiv
                0x02001320                __aeabi_idivmod
 .text          0x02001340        0x4 C:/devkitPro/devkitARM/bin/../lib/gcc/arm-none-eabi/13.2.0/thumb\libgcc.a(_dvmd_tls.o)
                0x02001340                __aeabi_idiv0
                0x02001340                __aeabi_ldiv0
 .text          0x02001344      0x424 C:/devkitPro/devkitARM/bin/../lib/gcc/arm-none-eabi/13.2.0/thumb\libgcc.a(_arm_addsubdf3.o)
                0x02001344                __aeabi_drsub
                0x0200134c                __aeabi_dsub
                0x0200134c                __subdf3
                0x02001350                __aeabi_dadd
                0x02001350                __adddf3
                0x02001660                __floatunsidf
                0x02001660                __aeabi_ui2d
                0x02001684                __floatsidf
                0x02001684                __aeabi_i2d
                0x020016ac                __aeabi_f2d
                0x020016ac                __extendsfdf2
                0x020016f4                __floatundidf
                0x020016f4                __aeabi_ul2d
                0x02001708                __floatdidf
                0x02001708                __aeabi_l2d
 .text          0x02001768       0x5c C:/devkitPro/devkitARM/bin/../lib/gcc/arm-none-eabi/13.2.0/thumb\libgcc.a(_arm_fixdfsi.o)
                0x02001768                __aeabi_d2iz
                0x02001768                __fixdfsi
 .text          0x020017c4      0x2ac C:/devkitPro/devkitARM/bin/../lib/gcc/arm-none-eabi/13.2.0/thumb\libgcc.a(_arm_addsubsf3.o)
                0x020017c4                __aeabi_frsub
                0x020017cc                __subsf3
                0x020017cc                __aeabi_fsub
                0x020017d0                __aeabi_fadd
                0x020017d0                __addsf3
                0x0200198c                __aeabi_ui2f
                0x0200198c                __floatunsisf
                0x02001994                __aeabi_i2f
                0x02001994                __floatsisf
                0x020019b4                __aeabi_ul2f
                0x020019b4                __floatundisf
                0x020019c4                __aeabi_l2f
                0x020019c4                __floatdisf
 .text          0x02001a70       0x14 C:/devkitPro/devkitARM/bin/../lib/gcc/arm-none-eabi/13.2.0/thumb\libgcc.a(_thumb1_case_uqi.o)
                0x02001a70                __gnu_thumb1_case_uqi
 .text          0x02001a84       0x14 C:/devkitPro/devkitARM/bin/../lib/gcc/arm-none-eabi/13.2.0/thumb\libgcc.a(_thumb1_case_uhi.o)
                0x02001a84                __gnu_thumb1_case_uhi
 .text          0x02001a98      0x11c C:/devkitPro/devkitARM/bin/../lib/gcc/arm-none-eabi/13.2.0/thumb\libgcc.a(_udivsi3.o)
                0x02001a98                __aeabi_uidiv
                0x02001a98                __udivsi3
                0x02001b94                __aeabi_uidivmod
 .text          0x02001bb4      0x49c C:/devkitPro/devkitARM/bin/../lib/gcc/arm-none-eabi/13.2.0/thumb\libgcc.a(_arm_muldivdf3.o)
                0x02001bb4                __aeabi_dmul
                0x02001bb4                __muldf3
                0x02001e44                __divdf3
                0x02001e44                __aeabi_ddiv
 .text          0x02002050      0x144 C:/devkitPro/devkitARM/bin/../lib/gcc/arm-none-eabi/13.2.0/thumb\libgcc.a(_arm_cmpdf2.o)
                0x02002050                __gtdf2
                0x02002050                __gedf2
                0x02002058                __ltdf2
                0x02002058                __ledf2
                0x02002060                __nedf2
                0x02002060                __eqdf2
                0x02002060                __cmpdf2
                0x020020e8                __aeabi_cdrcmple
                0x02002104                __aeabi_cdcmpeq
                0x02002104                __aeabi_cdcmple
                0x0200211c                __aeabi_dcmpeq
                0x02002134                __aeabi_dcmplt
                0x0200214c                __aeabi_dcmple
                0x02002164                __aeabi_dcmpge
                0x0200217c                __aeabi_dcmpgt
 .text          0x02002194       0x38 C:/devkitPro/devkitARM/bin/../lib/gcc/arm-none-eabi/13.2.0/thumb\libgcc.a(_arm_unorddf2.o)
                0x02002194                __unorddf2
                0x02002194                __aeabi_dcmpun
 .text          0x020021cc       0x3c C:/devkitPro/devkitARM/bin/../lib/gcc/arm-none-eabi/13.2.0/thumb\libgcc.a(_aeabi_uldivmod.o)
                0x020021cc                __aeabi_uldivmod
 .text          0x02002208       0x28 C:/devkitPro/devkitARM/bin/../lib/gcc/arm-none-eabi/13.2.0/thumb\libgcc.a(_clzdi2.o)
                0x02002208                __clzdi2
 .text          0x02002230       0x48 C:/devkitPro/devkitARM/bin/../lib/gcc/arm-none-eabi/13.2.0/thumb\libgcc.a(_clzsi2.o)
                0x02002230                __clzsi2
 *(EXCLUDE_FILE(*.twl* *.vectors* *.itcm*) .stub)
 *(EXCLUDE_FILE(*.twl* *.vectors* *.itcm*) .text.*)
 .text.__do_global_dtors_aux
                0x02002278       0x2c C:/devkitPro/devkitARM/bin/../lib/gcc/arm-none-eabi/13.2.0/thumb/crtbegin.o
 .text.frame_dummy
                0x020022a4       0x24 C:/devkitPro/devkitARM/bin/../lib/gcc/arm-none-eabi/13.2.0/thumb/crtbegin.o
 .text.startup  0x020022c8      0x1a0 main.o
                0x020022c8                main
 .text.newRow   0x02002468       0xa8 C:/devkitPro/libnds/lib\libnds9.a(console.o)
 .text.consoleSelect
                0x02002510       0x10 C:/devkitPro/libnds/lib\libnds9.a(console.o)
                0x02002510                consoleSelect
 .text.consolePrintChar
                0x02002520       0xe0 C:/devkitPro/libnds/lib\libnds9.a(console.o)
                0x02002520                consolePrintChar
 .text.con_write
                0x02002600      0x36c C:/devkitPro/libnds/lib\libnds9.a(console.o)
                0x02002600                con_write
 .text.consoleLoadFont
                0x0200296c      0x2a0 C:/devkitPro/libnds/lib\libnds9.a(console.o)
                0x0200296c                consoleLoadFont
 .text.consoleInit
                0x02002c0c      0x18c C:/devkitPro/libnds/lib\libnds9.a(console.o)
                0x02002c0c                consoleInit
 .text.consoleDemoInit
                0x02002d98       0x40 C:/devkitPro/libnds/lib\libnds9.a(console.o)
                0x02002d98                consoleDemoInit
 .text.consoleClear
                0x02002dd8       0x10 C:/devkitPro/libnds/lib\libnds9.a(console.o)
                0x02002dd8                consoleClear
 .text.scanKeys
                0x02002de8       0x8c C:/devkitPro/libnds/lib\libnds9.a(keys.o)
                0x02002de8                scanKeys
 .text.keysDown
                0x02002e74       0x14 C:/devkitPro/libnds/lib\libnds9.a(keys.o)
                0x02002e74                keysDown
 .text.__syscall_exit
                0x02002e88        0x8 C:/devkitPro/libnds/lib\libnds9.a(initSystem.o)
                0x02002e88                __syscall_exit
 .text.initSystem
                0x02002e90      0x180 C:/devkitPro/libnds/lib\libnds9.a(initSystem.o)
                0x02002e90                initSystem
 .text.irqDummy
                0x02003010        0x4 C:/devkitPro/libnds/lib\libnds9.a(interrupts.o)
                0x02003010                irqDummy
 .text.irqSet   0x02003014       0x6c C:/devkitPro/libnds/lib\libnds9.a(interrupts.o)
                0x02003014                irqSet
 .text.irqInit  0x02003080       0x50 C:/devkitPro/libnds/lib\libnds9.a(interrupts.o)
                0x02003080                irqInit
 .text.irqEnable
                0x020030d0       0x64 C:/devkitPro/libnds/lib\libnds9.a(interrupts.o)
                0x020030d0                irqEnable
 .text.systemErrorExit
                0x02003134        0x4 C:/devkitPro/libnds/lib\libnds9.a(libnds_exit.arm.o)
                0x02003134                systemErrorExit
 .text.__libnds_exit
                0x02003138       0x5c C:/devkitPro/libnds/lib\libnds9.a(libnds_exit.arm.o)
                0x02003138                __libnds_exit
 .text.fifo_queueBlock
                0x02003194       0x44 C:/devkitPro/libnds/lib\libnds9.a(fifosystem.o)
 .text.fifo_waitBlock
                0x020031d8       0x80 C:/devkitPro/libnds/lib\libnds9.a(fifosystem.o)
 .text.fifoInternalSend.part.0
                0x02003258       0xd4 C:/devkitPro/libnds/lib\libnds9.a(fifosystem.o)
 .text.fifoInternalSendInterrupt
                0x0200332c       0xb0 C:/devkitPro/libnds/lib\libnds9.a(fifosystem.o)
 .text.fifoSetValue32Handler
                0x020033dc       0xd4 C:/devkitPro/libnds/lib\libnds9.a(fifosystem.o)
                0x020033dc                fifoSetValue32Handler
 .text.fifoSendValue32
                0x020034b0       0x4c C:/devkitPro/libnds/lib\libnds9.a(fifosystem.o)
                0x020034b0                fifoSendValue32
 .text.fifoGetDatamsg
                0x020034fc       0xf4 C:/devkitPro/libnds/lib\libnds9.a(fifosystem.o)
                0x020034fc                fifoGetDatamsg
 .text.fifoInternalRecvInterrupt
                0x020035f0      0x37c C:/devkitPro/libnds/lib\libnds9.a(fifosystem.o)
 .text.fifoSetDatamsgHandler
                0x0200396c       0x9c C:/devkitPro/libnds/lib\libnds9.a(fifosystem.o)
                0x0200396c                fifoSetDatamsgHandler
 .text.fifoInit
                0x02003a08      0x108 C:/devkitPro/libnds/lib\libnds9.a(fifosystem.o)
                0x02003a08                fifoInit
 .text.__libnds_mpu_setup
                0x02003b10      0x174 C:/devkitPro/libnds/lib\libnds9.a(mpu_setup.o)
                0x02003b10                __libnds_mpu_setup
 .text.memUncached
                0x02003c84       0x20 C:/devkitPro/libnds/lib\libnds9.a(mpu_setup.o)
                0x02003c84                memUncached
 .text.swiWaitForVBlank
                0x02003ca4        0x8 C:/devkitPro/libnds/lib\libnds9.a(IntrWait.o)
                0x02003ca4                swiWaitForVBlank
 .text.swiIntrWait
                0x02003cac       0x70 C:/devkitPro/libnds/lib\libnds9.a(IntrWait.o)
                0x02003cac                swiIntrWait
 .text.setCpuClock
                0x02003d1c       0x50 C:/devkitPro/libnds/lib\libnds9.a(cpu_clock.o)
                0x02003d1c                setCpuClock
 .text.swiSoftReset
                0x02003d6c       0x2c C:/devkitPro/libnds/lib\libnds9.a(swiSoftReset.o)
                0x02003d6c                swiSoftReset
 .text.checkIfText
                0x02003d98       0x5c C:/devkitPro/libnds/lib\libnds9.a(background.o)
                0x02003d98                checkIfText
 .text.bgUpdate
                0x02003df4       0xf4 C:/devkitPro/libnds/lib\libnds9.a(background.o)
                0x02003df4                bgUpdate
 .text.bgInit_call
                0x02003ee8       0xc4 C:/devkitPro/libnds/lib\libnds9.a(background.o)
                0x02003ee8                bgInit_call
 .text.bgInitSub_call
                0x02003fac       0xcc C:/devkitPro/libnds/lib\libnds9.a(background.o)
                0x02003fac                bgInitSub_call
 .text.sinLutLookup
                0x02004078       0x4c C:/devkitPro/libnds/lib\libnds9.a(trig.o)
                0x02004078                sinLutLookup
 .text.sinLerp  0x020040c4       0x40 C:/devkitPro/libnds/lib\libnds9.a(trig.o)
                0x020040c4                sinLerp
 .text.cosLerp  0x02004104       0x4c C:/devkitPro/libnds/lib\libnds9.a(trig.o)
                0x02004104                cosLerp
 .text.vramDefault
                0x02004150       0xd0 C:/devkitPro/libnds/lib\libnds9.a(video.o)
                0x02004150                vramDefault
 .text.systemValueHandler
                0x02004220       0x48 C:/devkitPro/libnds/lib\libnds9.a(system.o)
                0x02004220                systemValueHandler
 .text.systemMsgHandler
                0x02004268       0x60 C:/devkitPro/libnds/lib\libnds9.a(system.o)
                0x02004268                systemMsgHandler
 .text.powerOn  0x020042c8       0x2c C:/devkitPro/libnds/lib\libnds9.a(system.o)
                0x020042c8                powerOn
 .text.swiDelay
                0x020042f4        0x4 C:/devkitPro/libnds/lib\libnds9.a(biosCalls.o)
                0x020042f4                swiDelay
 .text.sprintf  0x020042f8       0x40 C:/devkitPro/devkitARM/bin/../lib/gcc/arm-none-eabi/13.2.0/../../../../arm-none-eabi/lib/thumb\libg.a(libc_a-sprintf.o)
                0x020042f8                sprintf
 .text.siscanf  0x02004338       0x4c C:/devkitPro/devkitARM/bin/../lib/gcc/arm-none-eabi/13.2.0/../../../../arm-none-eabi/lib/thumb\libg.a(libc_a-siscanf.o)
                0x02004338                siscanf
 .text.setvbuf  0x02004384      0x1a4 C:/devkitPro/devkitARM/bin/../lib/gcc/arm-none-eabi/13.2.0/../../../../arm-none-eabi/lib/thumb\libg.a(libc_a-setvbuf.o)
                0x02004384                setvbuf
 .text.get_arg  0x02004528       0x3e C:/devkitPro/devkitARM/bin/../lib/gcc/arm-none-eabi/13.2.0/../../../../arm-none-eabi/lib/thumb\libg.a(libc_a-svfiscanf.o)
 .text._sungetc_r
                0x02004566       0x7e C:/devkitPro/devkitARM/bin/../lib/gcc/arm-none-eabi/13.2.0/../../../../arm-none-eabi/lib/thumb\libg.a(libc_a-svfiscanf.o)
                0x02004566                _sungetc_r
 .text.__ssrefill_r
                0x020045e4       0x42 C:/devkitPro/devkitARM/bin/../lib/gcc/arm-none-eabi/13.2.0/../../../../arm-none-eabi/lib/thumb\libg.a(libc_a-svfiscanf.o)
                0x020045e4                __ssrefill_r
 .text._sfread_r
                0x02004626       0x88 C:/devkitPro/devkitARM/bin/../lib/gcc/arm-none-eabi/13.2.0/../../../../arm-none-eabi/lib/thumb\libg.a(libc_a-svfiscanf.o)
                0x02004626                _sfread_r
 *fill*         0x020046ae        0x2 ff
 .text.__ssvfiscanf_r
                0x020046b0     0x1ac4 C:/devkitPro/devkitARM/bin/../lib/gcc/arm-none-eabi/13.2.0/../../../../arm-none-eabi/lib/thumb\libg.a(libc_a-svfiscanf.o)
                0x020046b0                __ssvfiscanf_r
 .text._malloc_trim_r
                0x02006174       0xac C:/devkitPro/devkitARM/bin/../lib/gcc/arm-none-eabi/13.2.0/../../../../arm-none-eabi/lib/thumb\libg.a(libc_a-freer.o)
                0x02006174                _malloc_trim_r
 .text._free_r  0x02006220      0x1d8 C:/devkitPro/devkitARM/bin/../lib/gcc/arm-none-eabi/13.2.0/../../../../arm-none-eabi/lib/thumb\libg.a(libc_a-freer.o)
                0x02006220                _free_r
 .text.iprintf  0x020063f8       0x24 C:/devkitPro/devkitARM/bin/../lib/gcc/arm-none-eabi/13.2.0/../../../../arm-none-eabi/lib/thumb\libg.a(libc_a-iprintf.o)
                0x020063f8                iprintf
 .text.get_arg  0x0200641c      0x434 C:/devkitPro/devkitARM/bin/../lib/gcc/arm-none-eabi/13.2.0/../../../../arm-none-eabi/lib/thumb\libg.a(libc_a-svfprintf.o)
 .text._svfprintf_r
                0x02006850     0x2314 C:/devkitPro/devkitARM/bin/../lib/gcc/arm-none-eabi/13.2.0/../../../../arm-none-eabi/lib/thumb\libg.a(libc_a-svfprintf.o)
                0x02006850                _svfprintf_r
 .text.malloc   0x02008b64       0x14 C:/devkitPro/devkitARM/bin/../lib/gcc/arm-none-eabi/13.2.0/../../../../arm-none-eabi/lib/thumb\libg.a(libc_a-malloc.o)
                0x02008b64                malloc
 .text.free     0x02008b78       0x14 C:/devkitPro/devkitARM/bin/../lib/gcc/arm-none-eabi/13.2.0/../../../../arm-none-eabi/lib/thumb\libg.a(libc_a-malloc.o)
                0x02008b78                free
 .text._malloc_r
                0x02008b8c      0x558 C:/devkitPro/devkitARM/bin/../lib/gcc/arm-none-eabi/13.2.0/../../../../arm-none-eabi/lib/thumb\libg.a(libc_a-mallocr.o)
                0x02008b8c                _malloc_r
 .text.memset   0x020090e4       0xb0 C:/devkitPro/devkitARM/bin/../lib/gcc/arm-none-eabi/13.2.0/../../../../arm-none-eabi/lib/thumb\libg.a(libc_a-memset.o)
                0x020090e4                memset
 .text.__malloc_lock
                0x02009194       0x14 C:/devkitPro/devkitARM/bin/../lib/gcc/arm-none-eabi/13.2.0/../../../../arm-none-eabi/lib/thumb\libg.a(libc_a-mlock.o)
                0x02009194                __malloc_lock
 .text.__malloc_unlock
                0x020091a8       0x14 C:/devkitPro/devkitARM/bin/../lib/gcc/arm-none-eabi/13.2.0/../../../../arm-none-eabi/lib/thumb\libg.a(libc_a-mlock.o)
                0x020091a8                __malloc_unlock
 .text.strlen   0x020091bc       0x60 C:/devkitPro/devkitARM/bin/../lib/gcc/arm-none-eabi/13.2.0/../../../../arm-none-eabi/lib/thumb\libg.a(libc_a-strlen.o)
                0x020091bc                strlen
 .text.__sflush_r
                0x0200921c      0x188 C:/devkitPro/devkitARM/bin/../lib/gcc/arm-none-eabi/13.2.0/../../../../arm-none-eabi/lib/thumb\libg.a(libc_a-fflush.o)
                0x0200921c                __sflush_r
 .text._fflush_r
                0x020093a4       0x70 C:/devkitPro/devkitARM/bin/../lib/gcc/arm-none-eabi/13.2.0/../../../../arm-none-eabi/lib/thumb\libg.a(libc_a-fflush.o)
                0x020093a4                _fflush_r
 .text._fwalk_sglue
                0x02009414       0x4c C:/devkitPro/devkitARM/bin/../lib/gcc/arm-none-eabi/13.2.0/../../../../arm-none-eabi/lib/thumb\libg.a(libc_a-fwalk.o)
                0x02009414                _fwalk_sglue
 .text.strncpy  0x02009460       0x68 C:/devkitPro/devkitARM/bin/../lib/gcc/arm-none-eabi/13.2.0/../../../../arm-none-eabi/lib/thumb\libg.a(libc_a-strncpy.o)
                0x02009460                strncpy
 .text.stdio_exit_handler
                0x020094c8       0x20 C:/devkitPro/devkitARM/bin/../lib/gcc/arm-none-eabi/13.2.0/../../../../arm-none-eabi/lib/thumb\libg.a(libc_a-findfp.o)
 .text.cleanup_stdio
                0x020094e8       0x40 C:/devkitPro/devkitARM/bin/../lib/gcc/arm-none-eabi/13.2.0/../../../../arm-none-eabi/lib/thumb\libg.a(libc_a-findfp.o)
 .text.global_stdio_init.part.0
                0x02009528      0x128 C:/devkitPro/devkitARM/bin/../lib/gcc/arm-none-eabi/13.2.0/../../../../arm-none-eabi/lib/thumb\libg.a(libc_a-findfp.o)
 .text.__sinit  0x02009650       0x3c C:/devkitPro/devkitARM/bin/../lib/gcc/arm-none-eabi/13.2.0/../../../../arm-none-eabi/lib/thumb\libg.a(libc_a-findfp.o)
                0x02009650                __sinit
 .text.__sfp_lock_acquire
                0x0200968c       0x14 C:/devkitPro/devkitARM/bin/../lib/gcc/arm-none-eabi/13.2.0/../../../../arm-none-eabi/lib/thumb\libg.a(libc_a-findfp.o)
                0x0200968c                __sfp_lock_acquire
 .text.__sfp_lock_release
                0x020096a0       0x14 C:/devkitPro/devkitARM/bin/../lib/gcc/arm-none-eabi/13.2.0/../../../../arm-none-eabi/lib/thumb\libg.a(libc_a-findfp.o)
                0x020096a0                __sfp_lock_release
 .text._strtol_l.part.0
                0x020096b4      0x13c C:/devkitPro/devkitARM/bin/../lib/gcc/arm-none-eabi/13.2.0/../../../../arm-none-eabi/lib/thumb\libg.a(libc_a-strtol.o)
 .text._strtol_r
                0x020097f0       0x34 C:/devkitPro/devkitARM/bin/../lib/gcc/arm-none-eabi/13.2.0/../../../../arm-none-eabi/lib/thumb\libg.a(libc_a-strtol.o)
                0x020097f0                _strtol_r
 .text.realloc  0x02009824       0x18 C:/devkitPro/devkitARM/bin/../lib/gcc/arm-none-eabi/13.2.0/../../../../arm-none-eabi/lib/thumb\libg.a(libc_a-realloc.o)
                0x02009824                realloc
 .text._strtoul_l.isra.0
                0x0200983c      0x144 C:/devkitPro/devkitARM/bin/../lib/gcc/arm-none-eabi/13.2.0/../../../../arm-none-eabi/lib/thumb\libg.a(libc_a-strtoul.o)
 .text._strtoul_r
                0x02009980       0x20 C:/devkitPro/devkitARM/bin/../lib/gcc/arm-none-eabi/13.2.0/../../../../arm-none-eabi/lib/thumb\libg.a(libc_a-strtoul.o)
                0x02009980                _strtoul_r
 .text.__locale_mb_cur_max
                0x020099a0       0x20 C:/devkitPro/devkitARM/bin/../lib/gcc/arm-none-eabi/13.2.0/../../../../arm-none-eabi/lib/thumb\libg.a(libc_a-locale.o)
                0x020099a0                __locale_mb_cur_max
 .text._localeconv_r
                0x020099c0       0x1c C:/devkitPro/devkitARM/bin/../lib/gcc/arm-none-eabi/13.2.0/../../../../arm-none-eabi/lib/thumb\libg.a(libc_a-localeconv.o)
                0x020099c0                _localeconv_r
 .text.memchr   0x020099dc       0x78 C:/devkitPro/devkitARM/bin/../lib/gcc/arm-none-eabi/13.2.0/../../../../arm-none-eabi/lib/thumb\libg.a(libc_a-memchr-stub.o)
                0x020099dc                memchr
 .text.__utf8_wctomb
                0x02009a54       0xb4 C:/devkitPro/devkitARM/bin/../lib/gcc/arm-none-eabi/13.2.0/../../../../arm-none-eabi/lib/thumb\libg.a(libc_a-wctomb_r.o)
                0x02009a54                __utf8_wctomb
 .text.memcpy   0x02009b08       0x90 C:/devkitPro/devkitARM/bin/../lib/gcc/arm-none-eabi/13.2.0/../../../../arm-none-eabi/lib/thumb\libg.a(libc_a-memcpy-stub.o)
                0x02009b08                memcpy
 .text.__libc_init_array
                0x02009b98       0x54 C:/devkitPro/devkitARM/bin/../lib/gcc/arm-none-eabi/13.2.0/../../../../arm-none-eabi/lib/thumb\libg.a(libc_a-init.o)
                0x02009b98                __libc_init_array
 .text.__errno  0x02009bec        0xc C:/devkitPro/devkitARM/bin/../lib/gcc/arm-none-eabi/13.2.0/../../../../arm-none-eabi/lib/thumb\libg.a(libc_a-errno.o)
                0x02009bec                __errno
 .text.frexp    0x02009bf8       0x6c C:/devkitPro/devkitARM/bin/../lib/gcc/arm-none-eabi/13.2.0/../../../../arm-none-eabi/lib/thumb\libg.a(libm_a-s_frexp.o)
                0x02009bf8                frexp
 .text._strtoll_l.isra.0
                0x02009c64      0x19c C:/devkitPro/devkitARM/bin/../lib/gcc/arm-none-eabi/13.2.0/../../../../arm-none-eabi/lib/thumb\libg.a(libc_a-strtoll.o)
 .text._strtoll_r
                0x02009e00       0x20 C:/devkitPro/devkitARM/bin/../lib/gcc/arm-none-eabi/13.2.0/../../../../arm-none-eabi/lib/thumb\libg.a(libc_a-strtoll.o)
                0x02009e00                _strtoll_r
 .text._strtoull_l.isra.0
                0x02009e20      0x1c4 C:/devkitPro/devkitARM/bin/../lib/gcc/arm-none-eabi/13.2.0/../../../../arm-none-eabi/lib/thumb\libg.a(libc_a-strtoull.o)
 .text._strtoull_r
                0x02009fe4       0x20 C:/devkitPro/devkitARM/bin/../lib/gcc/arm-none-eabi/13.2.0/../../../../arm-none-eabi/lib/thumb\libg.a(libc_a-strtoull.o)
                0x02009fe4                _strtoull_r
 .text.iswspace
                0x0200a004       0x10 C:/devkitPro/devkitARM/bin/../lib/gcc/arm-none-eabi/13.2.0/../../../../arm-none-eabi/lib/thumb\libg.a(libc_a-iswspace.o)
                0x0200a004                iswspace
 .text._mbrtowc_r
                0x0200a014       0x90 C:/devkitPro/devkitARM/bin/../lib/gcc/arm-none-eabi/13.2.0/../../../../arm-none-eabi/lib/thumb\libg.a(libc_a-mbrtowc.o)
                0x0200a014                _mbrtowc_r
 .text.__smakebuf_r
                0x0200a0a4       0xe8 C:/devkitPro/devkitARM/bin/../lib/gcc/arm-none-eabi/13.2.0/../../../../arm-none-eabi/lib/thumb\libg.a(libc_a-makebuf.o)
                0x0200a0a4                __smakebuf_r
 .text.__swhatbuf_r
                0x0200a18c       0x5c C:/devkitPro/devkitARM/bin/../lib/gcc/arm-none-eabi/13.2.0/../../../../arm-none-eabi/lib/thumb\libg.a(libc_a-makebuf.o)
                0x0200a18c                __swhatbuf_r
 .text._wcrtomb_r
                0x0200a1e8       0x84 C:/devkitPro/devkitARM/bin/../lib/gcc/arm-none-eabi/13.2.0/../../../../arm-none-eabi/lib/thumb\libg.a(libc_a-wcrtomb.o)
                0x0200a1e8                _wcrtomb_r
 .text.iswspace_l
                0x0200a26c       0x28 C:/devkitPro/devkitARM/bin/../lib/gcc/arm-none-eabi/13.2.0/../../../../arm-none-eabi/lib/thumb\libg.a(libc_a-iswspace_l.o)
                0x0200a26c                iswspace_l
 .text._wcsrtombs_r
                0x0200a294       0x1c C:/devkitPro/devkitARM/bin/../lib/gcc/arm-none-eabi/13.2.0/../../../../arm-none-eabi/lib/thumb\libg.a(libc_a-wcsrtombs.o)
                0x0200a294                _wcsrtombs_r
 .text.__sccl   0x0200a2b0       0xa0 C:/devkitPro/devkitARM/bin/../lib/gcc/arm-none-eabi/13.2.0/../../../../arm-none-eabi/lib/thumb\libg.a(libc_a-sccl.o)
                0x0200a2b0                __sccl
 .text.__submore
                0x0200a350       0x88 C:/devkitPro/devkitARM/bin/../lib/gcc/arm-none-eabi/13.2.0/../../../../arm-none-eabi/lib/thumb\libg.a(libc_a-ungetc.o)
                0x0200a350                __submore
 .text.__sread  0x0200a3d8       0x34 C:/devkitPro/devkitARM/bin/../lib/gcc/arm-none-eabi/13.2.0/../../../../arm-none-eabi/lib/thumb\libg.a(libc_a-stdio.o)
                0x0200a3d8                __sread
 .text.__seofread
                0x0200a40c        0x4 C:/devkitPro/devkitARM/bin/../lib/gcc/arm-none-eabi/13.2.0/../../../../arm-none-eabi/lib/thumb\libg.a(libc_a-stdio.o)
                0x0200a40c                __seofread
 .text.__swrite
                0x0200a410       0x4c C:/devkitPro/devkitARM/bin/../lib/gcc/arm-none-eabi/13.2.0/../../../../arm-none-eabi/lib/thumb\libg.a(libc_a-stdio.o)
                0x0200a410                __swrite
 .text.__sseek  0x0200a45c       0x44 C:/devkitPro/devkitARM/bin/../lib/gcc/arm-none-eabi/13.2.0/../../../../arm-none-eabi/lib/thumb\libg.a(libc_a-stdio.o)
                0x0200a45c                __sseek
 .text.__sclose
                0x0200a4a0       0x10 C:/devkitPro/devkitARM/bin/../lib/gcc/arm-none-eabi/13.2.0/../../../../arm-none-eabi/lib/thumb\libg.a(libc_a-stdio.o)
                0x0200a4a0                __sclose
 .text.category
                0x0200a4b0       0x58 C:/devkitPro/devkitARM/bin/../lib/gcc/arm-none-eabi/13.2.0/../../../../arm-none-eabi/lib/thumb\libg.a(libc_a-categories.o)
                0x0200a4b0                category
 .text.get_arg  0x0200a508      0x434 C:/devkitPro/devkitARM/bin/../lib/gcc/arm-none-eabi/13.2.0/../../../../arm-none-eabi/lib/thumb\libg.a(libc_a-vfiprintf.o)
 .text.__sprint_r
                0x0200a93c       0x24 C:/devkitPro/devkitARM/bin/../lib/gcc/arm-none-eabi/13.2.0/../../../../arm-none-eabi/lib/thumb\libg.a(libc_a-vfiprintf.o)
                0x0200a93c                __sprint_r
 .text._vfiprintf_r
                0x0200a960     0x17cc C:/devkitPro/devkitARM/bin/../lib/gcc/arm-none-eabi/13.2.0/../../../../arm-none-eabi/lib/thumb\libg.a(libc_a-vfiprintf.o)
                0x0200a960                _vfiprintf_r
 .text.__sbprintf
                0x0200c12c       0x7c C:/devkitPro/devkitARM/bin/../lib/gcc/arm-none-eabi/13.2.0/../../../../arm-none-eabi/lib/thumb\libg.a(libc_a-vfiprintf.o)
 .text.__ssprint_r
                0x0200c1a8      0x128 C:/devkitPro/devkitARM/bin/../lib/gcc/arm-none-eabi/13.2.0/../../../../arm-none-eabi/lib/thumb\libg.a(libc_a-svfiprintf.o)
                0x0200c1a8                __ssprint_r
 .text.__swsetup_r
                0x0200c2d0       0xcc C:/devkitPro/devkitARM/bin/../lib/gcc/arm-none-eabi/13.2.0/../../../../arm-none-eabi/lib/thumb\libg.a(libc_a-wsetup.o)
                0x0200c2d0                __swsetup_r
 .text.quorem   0x0200c39c      0x158 C:/devkitPro/devkitARM/bin/../lib/gcc/arm-none-eabi/13.2.0/../../../../arm-none-eabi/lib/thumb\libg.a(libc_a-dtoa.o)
 .text._dtoa_r  0x0200c4f4     0x1024 C:/devkitPro/devkitARM/bin/../lib/gcc/arm-none-eabi/13.2.0/../../../../arm-none-eabi/lib/thumb\libg.a(libc_a-dtoa.o)
                0x0200c4f4                _dtoa_r
 .text._fclose_r
                0x0200d518       0xd8 C:/devkitPro/devkitARM/bin/../lib/gcc/arm-none-eabi/13.2.0/../../../../arm-none-eabi/lib/thumb\libg.a(libc_a-fclose.o)
                0x0200d518                _fclose_r
 .text.memmove  0x0200d5f0       0xbc C:/devkitPro/devkitARM/bin/../lib/gcc/arm-none-eabi/13.2.0/../../../../arm-none-eabi/lib/thumb\libg.a(libc_a-memmove.o)
                0x0200d5f0                memmove
 .text._Balloc  0x0200d6ac       0x54 C:/devkitPro/devkitARM/bin/../lib/gcc/arm-none-eabi/13.2.0/../../../../arm-none-eabi/lib/thumb\libg.a(libc_a-mprec.o)
                0x0200d6ac                _Balloc
 .text._Bfree   0x0200d700       0x14 C:/devkitPro/devkitARM/bin/../lib/gcc/arm-none-eabi/13.2.0/../../../../arm-none-eabi/lib/thumb\libg.a(libc_a-mprec.o)
                0x0200d700                _Bfree
 .text.__multadd
                0x0200d714       0xac C:/devkitPro/devkitARM/bin/../lib/gcc/arm-none-eabi/13.2.0/../../../../arm-none-eabi/lib/thumb\libg.a(libc_a-mprec.o)
                0x0200d714                __multadd
 .text.__hi0bits
                0x0200d7c0       0x4c C:/devkitPro/devkitARM/bin/../lib/gcc/arm-none-eabi/13.2.0/../../../../arm-none-eabi/lib/thumb\libg.a(libc_a-mprec.o)
                0x0200d7c0                __hi0bits
 .text.__lo0bits
                0x0200d80c       0x5c C:/devkitPro/devkitARM/bin/../lib/gcc/arm-none-eabi/13.2.0/../../../../arm-none-eabi/lib/thumb\libg.a(libc_a-mprec.o)
                0x0200d80c                __lo0bits
 .text.__i2b    0x0200d868       0x64 C:/devkitPro/devkitARM/bin/../lib/gcc/arm-none-eabi/13.2.0/../../../../arm-none-eabi/lib/thumb\libg.a(libc_a-mprec.o)
                0x0200d868                __i2b
 .text.__multiply
                0x0200d8cc      0x1b0 C:/devkitPro/devkitARM/bin/../lib/gcc/arm-none-eabi/13.2.0/../../../../arm-none-eabi/lib/thumb\libg.a(libc_a-mprec.o)
                0x0200d8cc                __multiply
 .text.__pow5mult
                0x0200da7c       0xd4 C:/devkitPro/devkitARM/bin/../lib/gcc/arm-none-eabi/13.2.0/../../../../arm-none-eabi/lib/thumb\libg.a(libc_a-mprec.o)
                0x0200da7c                __pow5mult
 .text.__lshift
                0x0200db50      0x100 C:/devkitPro/devkitARM/bin/../lib/gcc/arm-none-eabi/13.2.0/../../../../arm-none-eabi/lib/thumb\libg.a(libc_a-mprec.o)
                0x0200db50                __lshift
 .text.__mcmp   0x0200dc50       0x40 C:/devkitPro/devkitARM/bin/../lib/gcc/arm-none-eabi/13.2.0/../../../../arm-none-eabi/lib/thumb\libg.a(libc_a-mprec.o)
                0x0200dc50                __mcmp
 .text.__mdiff  0x0200dc90      0x1b4 C:/devkitPro/devkitARM/bin/../lib/gcc/arm-none-eabi/13.2.0/../../../../arm-none-eabi/lib/thumb\libg.a(libc_a-mprec.o)
                0x0200dc90                __mdiff
 .text.__d2b    0x0200de44       0xd0 C:/devkitPro/devkitARM/bin/../lib/gcc/arm-none-eabi/13.2.0/../../../../arm-none-eabi/lib/thumb\libg.a(libc_a-mprec.o)
                0x0200de44                __d2b
 .text.__sfvwrite_r
                0x0200df14      0x330 C:/devkitPro/devkitARM/bin/../lib/gcc/arm-none-eabi/13.2.0/../../../../arm-none-eabi/lib/thumb\libg.a(libc_a-fvwrite.o)
                0x0200df14                __sfvwrite_r
 .text._realloc_r
                0x0200e244      0x384 C:/devkitPro/devkitARM/bin/../lib/gcc/arm-none-eabi/13.2.0/../../../../arm-none-eabi/lib/thumb\libg.a(libc_a-reallocr.o)
                0x0200e244                _realloc_r
 .text.__utf8_mbtowc
                0x0200e5c8      0x27c C:/devkitPro/devkitARM/bin/../lib/gcc/arm-none-eabi/13.2.0/../../../../arm-none-eabi/lib/thumb\libg.a(libc_a-mbtowc_r.o)
                0x0200e5c8                __utf8_mbtowc
 .text._wcsnrtombs_l
                0x0200e844      0x11c C:/devkitPro/devkitARM/bin/../lib/gcc/arm-none-eabi/13.2.0/../../../../arm-none-eabi/lib/thumb\libg.a(libc_a-wcsnrtombs.o)
                0x0200e844                _wcsnrtombs_l
 .text._wcsnrtombs_r
                0x0200e960       0x40 C:/devkitPro/devkitARM/bin/../lib/gcc/arm-none-eabi/13.2.0/../../../../arm-none-eabi/lib/thumb\libg.a(libc_a-wcsnrtombs.o)
                0x0200e960                _wcsnrtombs_r
 .text._calloc_r
                0x0200e9a0       0xb8 C:/devkitPro/devkitARM/bin/../lib/gcc/arm-none-eabi/13.2.0/../../../../arm-none-eabi/lib/thumb\libg.a(libc_a-callocr.o)
                0x0200e9a0                _calloc_r
 .text.__assert_func
                0x0200ea58       0x40 C:/devkitPro/devkitARM/bin/../lib/gcc/arm-none-eabi/13.2.0/../../../../arm-none-eabi/lib/thumb\libg.a(libc_a-assert.o)
                0x0200ea58                __assert_func
 .text.fiprintf
                0x0200ea98       0x28 C:/devkitPro/devkitARM/bin/../lib/gcc/arm-none-eabi/13.2.0/../../../../arm-none-eabi/lib/thumb\libg.a(libc_a-fiprintf.o)
                0x0200ea98                fiprintf
 .text.abort    0x0200eac0       0x10 C:/devkitPro/devkitARM/bin/../lib/gcc/arm-none-eabi/13.2.0/../../../../arm-none-eabi/lib/thumb\libg.a(libc_a-abort.o)
                0x0200eac0                abort
 .text._raise_r
                0x0200ead0       0x60 C:/devkitPro/devkitARM/bin/../lib/gcc/arm-none-eabi/13.2.0/../../../../arm-none-eabi/lib/thumb\libg.a(libc_a-signal.o)
                0x0200ead0                _raise_r
 .text.raise    0x0200eb30       0x14 C:/devkitPro/devkitARM/bin/../lib/gcc/arm-none-eabi/13.2.0/../../../../arm-none-eabi/lib/thumb\libg.a(libc_a-signal.o)
                0x0200eb30                raise
 .text._exit    0x0200eb44       0x14 C:/devkitPro/devkitARM/bin/../lib/gcc/arm-none-eabi/13.2.0/../../../../arm-none-eabi/lib/thumb\libsysbase.a(libsysbase_libsysbase_a-_exit.o)
                0x0200eb44                _exit
 .text.build_argv
                0x0200eb58       0x54 C:/devkitPro/devkitARM/bin/../lib/gcc/arm-none-eabi/13.2.0/../../../../arm-none-eabi/lib/thumb\libsysbase.a(libsysbase_libsysbase_a-build_argv.o)
                0x0200eb58                build_argv
 .text._fstat_r
                0x0200ebac       0x4c C:/devkitPro/devkitARM/bin/../lib/gcc/arm-none-eabi/13.2.0/../../../../arm-none-eabi/lib/thumb\libsysbase.a(libsysbase_libsysbase_a-fstat.o)
                0x0200ebac                _fstat_r
 .text._getpid_r
                0x0200ebf8        0xc C:/devkitPro/devkitARM/bin/../lib/gcc/arm-none-eabi/13.2.0/../../../../arm-none-eabi/lib/thumb\libsysbase.a(libsysbase_libsysbase_a-getpid.o)
                0x0200ebf8                _getpid_r
 .text.__getreent
                0x0200ec04       0x20 C:/devkitPro/devkitARM/bin/../lib/gcc/arm-none-eabi/13.2.0/../../../../arm-none-eabi/lib/thumb\libsysbase.a(libsysbase_libsysbase_a-getreent.o)
                0x0200ec04                __getreent
 .text.__get_handle
                0x0200ec24       0x34 C:/devkitPro/devkitARM/bin/../lib/gcc/arm-none-eabi/13.2.0/../../../../arm-none-eabi/lib/thumb\libsysbase.a(libsysbase_libsysbase_a-handle_manager.o)
                0x0200ec24                __get_handle
 .text._close_r
                0x0200ec58       0xb8 C:/devkitPro/devkitARM/bin/../lib/gcc/arm-none-eabi/13.2.0/../../../../arm-none-eabi/lib/thumb\libsysbase.a(libsysbase_libsysbase_a-handle_manager.o)
                0x0200ec58                _close_r
 .text.null_write
                0x0200ed10        0x4 C:/devkitPro/devkitARM/bin/../lib/gcc/arm-none-eabi/13.2.0/../../../../arm-none-eabi/lib/thumb\libsysbase.a(libsysbase_libsysbase_a-iosupport.o)
 .text._isatty_r
                0x0200ed14        0x4 C:/devkitPro/devkitARM/bin/../lib/gcc/arm-none-eabi/13.2.0/../../../../arm-none-eabi/lib/thumb\libsysbase.a(libsysbase_libsysbase_a-isatty.o)
                0x0200ed14                _isatty_r
 .text._kill_r  0x0200ed18        0xc C:/devkitPro/devkitARM/bin/../lib/gcc/arm-none-eabi/13.2.0/../../../../arm-none-eabi/lib/thumb\libsysbase.a(libsysbase_libsysbase_a-kill.o)
                0x0200ed18                _kill_r
 .text._lseek_r
                0x0200ed24       0x5c C:/devkitPro/devkitARM/bin/../lib/gcc/arm-none-eabi/13.2.0/../../../../arm-none-eabi/lib/thumb\libsysbase.a(libsysbase_libsysbase_a-lseek.o)
                0x0200ed24                _lseek_r
 .text._read_r  0x0200ed80       0x50 C:/devkitPro/devkitARM/bin/../lib/gcc/arm-none-eabi/13.2.0/../../../../arm-none-eabi/lib/thumb\libsysbase.a(libsysbase_libsysbase_a-read.o)
                0x0200ed80                _read_r
 .text._sbrk_r  0x0200edd0       0x54 C:/devkitPro/devkitARM/bin/../lib/gcc/arm-none-eabi/13.2.0/../../../../arm-none-eabi/lib/thumb\libsysbase.a(libsysbase_libsysbase_a-sbrk.o)
                0x0200edd0                _sbrk_r
 .text.__libc_lock_acquire
                0x0200ee24       0x18 C:/devkitPro/devkitARM/bin/../lib/gcc/arm-none-eabi/13.2.0/../../../../arm-none-eabi/lib/thumb\libsysbase.a(libsysbase_libsysbase_a-syscall_support.o)
                0x0200ee24                __libc_lock_acquire
 .text.__libc_lock_release
                0x0200ee3c       0x18 C:/devkitPro/devkitARM/bin/../lib/gcc/arm-none-eabi/13.2.0/../../../../arm-none-eabi/lib/thumb\libsysbase.a(libsysbase_libsysbase_a-syscall_support.o)
                0x0200ee3c                __libc_lock_release
 .text.__libc_lock_acquire_recursive
                0x0200ee54       0x18 C:/devkitPro/devkitARM/bin/../lib/gcc/arm-none-eabi/13.2.0/../../../../arm-none-eabi/lib/thumb\libsysbase.a(libsysbase_libsysbase_a-syscall_support.o)
                0x0200ee54                __libc_lock_acquire_recursive
 .text.__libc_lock_release_recursive
                0x0200ee6c       0x18 C:/devkitPro/devkitARM/bin/../lib/gcc/arm-none-eabi/13.2.0/../../../../arm-none-eabi/lib/thumb\libsysbase.a(libsysbase_libsysbase_a-syscall_support.o)
                0x0200ee6c                __libc_lock_release_recursive
 .text._write_r
                0x0200ee84       0x50 C:/devkitPro/devkitARM/bin/../lib/gcc/arm-none-eabi/13.2.0/../../../../arm-none-eabi/lib/thumb\libsysbase.a(libsysbase_libsysbase_a-write.o)
                0x0200ee84                _write_r
 .text.__muldi3
                0x0200eed4       0x64 C:/devkitPro/devkitARM/bin/../lib/gcc/arm-none-eabi/13.2.0/thumb\libgcc.a(_muldi3.o)
                0x0200eed4                __muldi3
                0x0200eed4                __aeabi_lmul
 .text.__udivmoddi4
                0x0200ef38      0x19c C:/devkitPro/devkitARM/bin/../lib/gcc/arm-none-eabi/13.2.0/thumb\libgcc.a(_udivmoddi4.o)
                0x0200ef38                __udivmoddi4
 *fill*         0x0200f0d4        0x4 ff
 .text.__udivmoddi4.__stub
                0x0200f0d8      0x108 linker stubs
 *(EXCLUDE_FILE(*.twl*) .gnu.warning)
 *(EXCLUDE_FILE(*.twl*) .gnu.linkonce.t*)
 *(.glue_7)
 .glue_7        0x0200f1f0        0x0 linker stubs
 *(.glue_7t)
 .glue_7t       0x0200f1f0        0x0 linker stubs
                0x0200f1f0                        . = ALIGN (0x4)

.vfp11_veneer   0x0200f1f0        0x0
 .vfp11_veneer  0x0200f1f0        0x0 linker stubs

.v4_bx          0x0200f1f0        0x0
 .v4_bx         0x0200f1f0        0x0 linker stubs

.iplt           0x0200f1f0        0x0
 .iplt          0x0200f1f0        0x0 C:/devkitPro/devkitARM/bin/../lib/gcc/arm-none-eabi/13.2.0/../../../../arm-none-eabi/lib/thumb/ds_arm9_crt0.o

.fini           0x0200f1f0        0xc
 *(.fini)
 .fini          0x0200f1f0        0x4 C:/devkitPro/devkitARM/bin/../lib/gcc/arm-none-eabi/13.2.0/thumb/crti.o
                0x0200f1f0                _fini
 .fini          0x0200f1f4        0x8 C:/devkitPro/devkitARM/bin/../lib/gcc/arm-none-eabi/13.2.0/thumb/crtn.o
                0x0200f1fc                        __text_end = .

.rodata         0x0200f200     0x62f0
 *(EXCLUDE_FILE(*.twl*) .rodata)
 *all.rodata*(*)
 *(EXCLUDE_FILE(*.twl*) .roda)
 *(EXCLUDE_FILE(*.twl*) .rodata.*)
 .rodata.str1.4
                0x0200f200      0x688 main.o
                                0x506 (size before relaxing)
 .rodata.con_write.str1.4
                0x0200f888       0x30 C:/devkitPro/libnds/lib\libnds9.a(console.o)
 .rodata.con_write
                0x0200f888       0xd4 C:/devkitPro/libnds/lib\libnds9.a(console.o)
 .rodata.consoleClear.str1.4
                0x0200f95c        0x5 C:/devkitPro/libnds/lib\libnds9.a(console.o)
 .rodata.str1.4
                0x0200f95c       0x14 C:/devkitPro/libnds/lib\libnds9.a(console.o)
 .rodata.dotab_stdout
                0x0200f95c       0x70 C:/devkitPro/libnds/lib\libnds9.a(console.o)
 .rodata.default_font_bin
                0x0200f9cc     0x2000 C:/devkitPro/libnds/lib\libnds9.a(default_font.bin.o)
                0x0200f9cc                default_font_bin
                0x020119cc                default_font_bin_end
 .rodata.SIN_LUT
                0x020119cc      0x102 C:/devkitPro/libnds/lib\libnds9.a(trig.o)
                0x020119cc                SIN_LUT
 *fill*         0x02011ace        0x2 ff
 .rodata.basefix.0
                0x02011ad0       0x22 C:/devkitPro/devkitARM/bin/../lib/gcc/arm-none-eabi/13.2.0/../../../../arm-none-eabi/lib/thumb\libg.a(libc_a-svfiscanf.o)
 .rodata._svfprintf_r.str1.1
                0x02011af2       0x3b C:/devkitPro/devkitARM/bin/../lib/gcc/arm-none-eabi/13.2.0/../../../../arm-none-eabi/lib/thumb\libg.a(libc_a-svfprintf.o)
 *fill*         0x02011b2d        0x3 ff
 .rodata.zeroes.0
                0x02011b30       0x10 C:/devkitPro/devkitARM/bin/../lib/gcc/arm-none-eabi/13.2.0/../../../../arm-none-eabi/lib/thumb\libg.a(libc_a-svfprintf.o)
 .rodata.blanks.1
                0x02011b40       0x10 C:/devkitPro/devkitARM/bin/../lib/gcc/arm-none-eabi/13.2.0/../../../../arm-none-eabi/lib/thumb\libg.a(libc_a-svfprintf.o)
 .rodata.str1.4
                0x02011b50       0x4c C:/devkitPro/devkitARM/bin/../lib/gcc/arm-none-eabi/13.2.0/../../../../arm-none-eabi/lib/thumb\libg.a(libc_a-locale.o)
 .rodata._mbrtowc_r.str1.4
                0x02011b50        0x1 C:/devkitPro/devkitARM/bin/../lib/gcc/arm-none-eabi/13.2.0/../../../../arm-none-eabi/lib/thumb\libg.a(libc_a-mbrtowc.o)
 .rodata._ctype_
                0x02011b50      0x101 C:/devkitPro/devkitARM/bin/../lib/gcc/arm-none-eabi/13.2.0/../../../../arm-none-eabi/lib/thumb\libg.a(libc_a-ctype_.o)
                0x02011b50                _ctype_
 *fill*         0x02011c51        0x3 ff
 .rodata.categories
                0x02011c54     0x3528 C:/devkitPro/devkitARM/bin/../lib/gcc/arm-none-eabi/13.2.0/../../../../arm-none-eabi/lib/thumb\libg.a(libc_a-categories.o)
 .rodata._vfiprintf_r.str1.1
                0x0201517c       0x29 C:/devkitPro/devkitARM/bin/../lib/gcc/arm-none-eabi/13.2.0/../../../../arm-none-eabi/lib/thumb\libg.a(libc_a-vfiprintf.o)
 .rodata.zeroes.0
                0x0201517c       0x10 C:/devkitPro/devkitARM/bin/../lib/gcc/arm-none-eabi/13.2.0/../../../../arm-none-eabi/lib/thumb\libg.a(libc_a-vfiprintf.o)
 .rodata.blanks.1
                0x0201518c       0x10 C:/devkitPro/devkitARM/bin/../lib/gcc/arm-none-eabi/13.2.0/../../../../arm-none-eabi/lib/thumb\libg.a(libc_a-vfiprintf.o)
 .rodata.__action_table
                0x0201519c       0x6c C:/devkitPro/devkitARM/bin/../lib/gcc/arm-none-eabi/13.2.0/../../../../arm-none-eabi/lib/thumb\libg.a(libc_a-svfiprintf.o)
                0x0201519c                __action_table
 .rodata.__state_table
                0x02015208       0x6c C:/devkitPro/devkitARM/bin/../lib/gcc/arm-none-eabi/13.2.0/../../../../arm-none-eabi/lib/thumb\libg.a(libc_a-svfiprintf.o)
                0x02015208                __state_table
 .rodata.__chclass
                0x02015274      0x100 C:/devkitPro/devkitARM/bin/../lib/gcc/arm-none-eabi/13.2.0/../../../../arm-none-eabi/lib/thumb\libg.a(libc_a-svfiprintf.o)
                0x02015274                __chclass
 .rodata._dtoa_r.str1.4
                0x02015374       0x67 C:/devkitPro/devkitARM/bin/../lib/gcc/arm-none-eabi/13.2.0/../../../../arm-none-eabi/lib/thumb\libg.a(libc_a-dtoa.o)
 .rodata.__multadd.str1.4
                0x02015374       0x54 C:/devkitPro/devkitARM/bin/../lib/gcc/arm-none-eabi/13.2.0/../../../../arm-none-eabi/lib/thumb\libg.a(libc_a-mprec.o)
 .rodata.p05.0  0x02015374        0xc C:/devkitPro/devkitARM/bin/../lib/gcc/arm-none-eabi/13.2.0/../../../../arm-none-eabi/lib/thumb\libg.a(libc_a-mprec.o)
 .rodata.__mprec_bigtens
                0x02015380       0x28 C:/devkitPro/devkitARM/bin/../lib/gcc/arm-none-eabi/13.2.0/../../../../arm-none-eabi/lib/thumb\libg.a(libc_a-mprec.o)
                0x02015380                __mprec_bigtens
 .rodata.__mprec_tens
                0x020153a8       0xc8 C:/devkitPro/devkitARM/bin/../lib/gcc/arm-none-eabi/13.2.0/../../../../arm-none-eabi/lib/thumb\libg.a(libc_a-mprec.o)
                0x020153a8                __mprec_tens
 .rodata.__assert_func.str1.4
                0x02015470       0x43 C:/devkitPro/devkitARM/bin/../lib/gcc/arm-none-eabi/13.2.0/../../../../arm-none-eabi/lib/thumb\libg.a(libc_a-assert.o)
 .rodata.AddDevice.str1.4
                0x02015470        0x8 C:/devkitPro/devkitARM/bin/../lib/gcc/arm-none-eabi/13.2.0/../../../../arm-none-eabi/lib/thumb\libsysbase.a(libsysbase_libsysbase_a-iosupport.o)
 .rodata.dotab_stdnull
                0x02015470       0x80 C:/devkitPro/devkitARM/bin/../lib/gcc/arm-none-eabi/13.2.0/../../../../arm-none-eabi/lib/thumb\libsysbase.a(libsysbase_libsysbase_a-iosupport.o)
                0x02015470                dotab_stdnull
 *(EXCLUDE_FILE(*.twl*) .gnu.linkonce.r*)
                0x020154f0                        . = ALIGN (0x4)

.ARM.extab
 *(.ARM.extab* .gnu.linkonce.armextab.*)
                0x020154f0                        __exidx_start = .

ARM.exidx
 *(.ARM.exidx* .gnu.linkonce.armexidx.*)
                0x020154f0                        __exidx_end = .
                0x020154f0                        . = ALIGN (0x4)
                0x020154f0                        PROVIDE (__preinit_array_start = .)

.preinit_array
 *(.preinit_array)
                0x020154f0                        PROVIDE (__preinit_array_end = .)
                0x020154f0                        PROVIDE (__init_array_start = .)

.init_array     0x020154f0        0x4
 *(SORT_BY_NAME(.init_array.*))
 *(.init_array)
 .init_array    0x020154f0        0x4 C:/devkitPro/devkitARM/bin/../lib/gcc/arm-none-eabi/13.2.0/thumb/crtbegin.o
                0x020154f4                        PROVIDE (__init_array_end = .)
                [!provide]                        PROVIDE (__fini_array_start = .)

.fini_array     0x020154f4        0x4
 *(.fini_array)
 .fini_array    0x020154f4        0x4 C:/devkitPro/devkitARM/bin/../lib/gcc/arm-none-eabi/13.2.0/thumb/crtbegin.o
 *(SORT_BY_NAME(.fini_array.*))
                [!provide]                        PROVIDE (__fini_array_end = .)

.ctors          0x020154f8        0x0
 *crtbegin.o(.ctors)
 *(EXCLUDE_FILE(*crtend.o) .ctors)
 *(SORT_BY_NAME(.ctors.*))
 *(.ctors)
                0x020154f8                        . = ALIGN (0x4)

.dtors          0x020154f8        0x0
 *crtbegin.o(.dtors)
 *(EXCLUDE_FILE(*crtend.o) .dtors)
 *(SORT_BY_NAME(.dtors.*))
 *(.dtors)
                0x020154f8                        . = ALIGN (0x4)

.eh_frame       0x020154f8        0x4
 *(.eh_frame)
 .eh_frame      0x020154f8        0x0 C:/devkitPro/devkitARM/bin/../lib/gcc/arm-none-eabi/13.2.0/thumb/crtbegin.o
 .eh_frame      0x020154f8        0x4 C:/devkitPro/devkitARM/bin/../lib/gcc/arm-none-eabi/13.2.0/thumb/crtend.o
                0x020154fc                        . = ALIGN (0x4)

.rel.dyn        0x020154fc        0x0
 .rel.iplt      0x020154fc        0x0 C:/devkitPro/devkitARM/bin/../lib/gcc/arm-none-eabi/13.2.0/../../../../arm-none-eabi/lib/thumb/ds_arm9_crt0.o

.gcc_except_table
                0x020154fc        0x0
 *(.gcc_except_table)
                0x020154fc                        . = ALIGN (0x4)

.jcr
 *(.jcr)

.got
 *(.got.plt)
 *(.got)
 *(.rel.got)

.ewram          0x020154fc        0x0
                0x020154fc                        __ewram_start = ABSOLUTE (.)
 *(.ewram)
 *ewram.*(.text)
                0x020154fc                        . = ALIGN (0x4)

.data           0x020154fc     0x18b4
                0x020154fc                        __data_start = ABSOLUTE (.)
 *(EXCLUDE_FILE(*.twl*) .data)
 .data          0x020154fc       0x58 main.o
                0x020154fc                easyFlag
                0x02015514                levels
 .data          0x02015554       0x28 C:/devkitPro/libnds/lib\libnds9.a(mpu_setup.o)
 *(EXCLUDE_FILE(*.twl*) .data.*)
 .data.currentConsole
                0x0201557c        0x4 C:/devkitPro/libnds/lib\libnds9.a(console.o)
                0x0201557c                currentConsole
 .data.defaultConsole
                0x02015580       0x5c C:/devkitPro/libnds/lib\libnds9.a(console.o)
                0x02015580                defaultConsole
 .data.firstConsoleInit.0
                0x020155dc        0x1 C:/devkitPro/libnds/lib\libnds9.a(console.o)
 .data.count    0x020155dd        0x1 C:/devkitPro/libnds/lib\libnds9.a(keys.o)
 .data.delay    0x020155de        0x1 C:/devkitPro/libnds/lib\libnds9.a(keys.o)
 .data.repeat   0x020155df        0x1 C:/devkitPro/libnds/lib\libnds9.a(keys.o)
 .data.fifo_buffer_free
                0x020155e0        0x4 C:/devkitPro/libnds/lib\libnds9.a(fifosystem.o)
                0x020155e0                fifo_buffer_free
 .data.fifo_freewords
                0x020155e4        0x4 C:/devkitPro/libnds/lib\libnds9.a(fifosystem.o)
                0x020155e4                fifo_freewords
 .data.fifo_receive_queue
                0x020155e8        0x4 C:/devkitPro/libnds/lib\libnds9.a(fifosystem.o)
                0x020155e8                fifo_receive_queue
 .data.fifo_send_queue
                0x020155ec        0x4 C:/devkitPro/libnds/lib\libnds9.a(fifosystem.o)
                0x020155ec                fifo_send_queue
 .data.bgControl
                0x020155f0       0x20 C:/devkitPro/libnds/lib\libnds9.a(background.o)
                0x020155f0                bgControl
 .data.bgScrollTable
                0x02015610       0x20 C:/devkitPro/libnds/lib\libnds9.a(background.o)
                0x02015610                bgScrollTable
 .data.bgTransform
                0x02015630       0x20 C:/devkitPro/libnds/lib\libnds9.a(background.o)
                0x02015630                bgTransform
 .data.__malloc_sbrk_base
                0x02015650        0x4 C:/devkitPro/devkitARM/bin/../lib/gcc/arm-none-eabi/13.2.0/../../../../arm-none-eabi/lib/thumb\libg.a(libc_a-mallocr.o)
                0x02015650                __malloc_sbrk_base
 .data.__malloc_trim_threshold
                0x02015654        0x4 C:/devkitPro/devkitARM/bin/../lib/gcc/arm-none-eabi/13.2.0/../../../../arm-none-eabi/lib/thumb\libg.a(libc_a-mallocr.o)
                0x02015654                __malloc_trim_threshold
 .data.__malloc_av_
                0x02015658      0x408 C:/devkitPro/devkitARM/bin/../lib/gcc/arm-none-eabi/13.2.0/../../../../arm-none-eabi/lib/thumb\libg.a(libc_a-mallocr.o)
                0x02015658                __malloc_av_
 .data.__sglue  0x02015a60        0xc C:/devkitPro/devkitARM/bin/../lib/gcc/arm-none-eabi/13.2.0/../../../../arm-none-eabi/lib/thumb\libg.a(libc_a-findfp.o)
                0x02015a60                __sglue
 .data.__global_locale
                0x02015a6c      0x16c C:/devkitPro/devkitARM/bin/../lib/gcc/arm-none-eabi/13.2.0/../../../../arm-none-eabi/lib/thumb\libg.a(libc_a-locale.o)
                0x02015a6c                __global_locale
 .data._impure_ptr
                0x02015bd8        0x4 C:/devkitPro/devkitARM/bin/../lib/gcc/arm-none-eabi/13.2.0/../../../../arm-none-eabi/lib/thumb\libg.a(libc_a-impure.o)
                0x02015bd8                _impure_ptr
 *fill*         0x02015bdc        0x4 ff
 .data._impure_data
                0x02015be0      0x120 C:/devkitPro/devkitARM/bin/../lib/gcc/arm-none-eabi/13.2.0/../../../../arm-none-eabi/lib/thumb\libg.a(libc_a-impure.o)
                0x02015be0                _impure_data
 .data.handles  0x02015d00     0x1000 C:/devkitPro/devkitARM/bin/../lib/gcc/arm-none-eabi/13.2.0/../../../../arm-none-eabi/lib/thumb\libsysbase.a(libsysbase_libsysbase_a-handle_manager.o)
 .data.__stderr_handle
                0x02016d00        0xc C:/devkitPro/devkitARM/bin/../lib/gcc/arm-none-eabi/13.2.0/../../../../arm-none-eabi/lib/thumb\libsysbase.a(libsysbase_libsysbase_a-handle_manager.o)
 .data.__stdout_handle
                0x02016d0c        0xc C:/devkitPro/devkitARM/bin/../lib/gcc/arm-none-eabi/13.2.0/../../../../arm-none-eabi/lib/thumb\libsysbase.a(libsysbase_libsysbase_a-handle_manager.o)
 .data.__stdin_handle
                0x02016d18        0xc C:/devkitPro/devkitARM/bin/../lib/gcc/arm-none-eabi/13.2.0/../../../../arm-none-eabi/lib/thumb\libsysbase.a(libsysbase_libsysbase_a-handle_manager.o)
 .data.devoptab_list
                0x02016d24       0x8c C:/devkitPro/devkitARM/bin/../lib/gcc/arm-none-eabi/13.2.0/../../../../arm-none-eabi/lib/thumb\libsysbase.a(libsysbase_libsysbase_a-iosupport.o)
                0x02016d24                devoptab_list
 *(EXCLUDE_FILE(*.twl*) .gnu.linkonce.d*)
                0x02016db0                        . = ALIGN (0x4)
                0x02016db0                        __data_end = ABSOLUTE (.)
                0x02016db0                        __bss_vma = .

.igot.plt       0x02016db0        0x0
 .igot.plt      0x02016db0        0x0 C:/devkitPro/devkitARM/bin/../lib/gcc/arm-none-eabi/13.2.0/../../../../arm-none-eabi/lib/thumb/ds_arm9_crt0.o

.dtcm           0x02ff0000        0x0 load address 0x02016db0
                0x02016db0                        __dtcm_lma = LOADADDR (.dtcm)
                0x02ff0000                        __dtcm_start = ABSOLUTE (.)
 *(.dtcm)
 *(.dtcm.*)
                0x02ff0000                        . = ALIGN (0x4)
                0x02ff0000                        __dtcm_end = ABSOLUTE (.)

.itcm           0x01000100      0x194 load address 0x02016db0
                0x02016db0                        __itcm_lma = LOADADDR (.itcm)
                0x01000100                        __itcm_start = ABSOLUTE (.)
 *(.itcm)
 .itcm          0x01000100       0xc8 C:/devkitPro/libnds/lib\libnds9.a(interrupts.o)
                0x01000100                irqTable
 .itcm          0x010001c8       0xcc C:/devkitPro/libnds/lib\libnds9.a(interruptDispatcher.o)
                0x010001c8                IntrMain
 *.itcm*(.text .stub .text.*)
                0x01000294                        . = ALIGN (0x4)
                0x01000294                        __itcm_end = ABSOLUTE (.)

.vectors        0x01000000        0x0 load address 0x02016f44
                0x02016f44                        __vectors_lma = LOADADDR (.vectors)
                0x01000000                        __vectors_start = ABSOLUTE (.)
 *(.vectors .vectors.*)
                0x01000000                        . = ALIGN (0x4)
                0x01000000                        __vectors_end = ABSOLUTE (.)

.sbss           0x02ff0000        0x0
                0x02ff0000                        __sbss_start = ABSOLUTE (.)
                0x02ff0000                        __sbss_start__ = ABSOLUTE (.)
 *(.sbss)
                0x02ff0000                        . = ALIGN (0x4)
                0x02ff0000                        __sbss_end = ABSOLUTE (.)

.bss            0x02016db0      0xddc
                0x02016db0                        __bss_start = ABSOLUTE (.)
                0x02016db0                        __bss_start__ = ABSOLUTE (.)
 *(EXCLUDE_FILE(*.twl*) .dynbss)
 *(EXCLUDE_FILE(*.twl*) .gnu.linkonce.b*)
 *(EXCLUDE_FILE(*.twl*) .bss*)
 .bss.completed.1
                0x02016db0        0x1 C:/devkitPro/devkitARM/bin/../lib/gcc/arm-none-eabi/13.2.0/thumb/crtbegin.o
 *fill*         0x02016db1        0x3 
 .bss.object.0  0x02016db4       0x18 C:/devkitPro/devkitARM/bin/../lib/gcc/arm-none-eabi/13.2.0/thumb/crtbegin.o
 .bss.currentCopy
                0x02016dcc       0x5c C:/devkitPro/libnds/lib\libnds9.a(console.o)
                0x02016dcc                currentCopy
 .bss.keys      0x02016e28        0x2 C:/devkitPro/libnds/lib\libnds9.a(keys.o)
 .bss.keysold   0x02016e2a        0x2 C:/devkitPro/libnds/lib\libnds9.a(keys.o)
 .bss.keysrepeat
                0x02016e2c        0x2 C:/devkitPro/libnds/lib\libnds9.a(keys.o)
 .bss.__dsimode
                0x02016e2e        0x1 C:/devkitPro/libnds/lib\libnds9.a(initSystem.o)
                0x02016e2e                __dsimode
 *fill*         0x02016e2f        0x1 
 .bss.punixTime
                0x02016e30        0x4 C:/devkitPro/libnds/lib\libnds9.a(initSystem.o)
                0x02016e30                punixTime
 .bss.fifo_address_data
                0x02016e34       0x40 C:/devkitPro/libnds/lib\libnds9.a(fifosystem.o)
                0x02016e34                fifo_address_data
 .bss.fifo_address_func
                0x02016e74       0x40 C:/devkitPro/libnds/lib\libnds9.a(fifosystem.o)
                0x02016e74                fifo_address_func
 .bss.fifo_address_queue
                0x02016eb4       0x40 C:/devkitPro/libnds/lib\libnds9.a(fifosystem.o)
                0x02016eb4                fifo_address_queue
 .bss.fifo_buffer
                0x02016ef4      0x800 C:/devkitPro/libnds/lib\libnds9.a(fifosystem.o)
                0x02016ef4                fifo_buffer
 .bss.fifo_data_queue
                0x020176f4       0x40 C:/devkitPro/libnds/lib\libnds9.a(fifosystem.o)
                0x020176f4                fifo_data_queue
 .bss.fifo_datamsg_data
                0x02017734       0x40 C:/devkitPro/libnds/lib\libnds9.a(fifosystem.o)
                0x02017734                fifo_datamsg_data
 .bss.fifo_datamsg_func
                0x02017774       0x40 C:/devkitPro/libnds/lib\libnds9.a(fifosystem.o)
                0x02017774                fifo_datamsg_func
 .bss.fifo_value32_data
                0x020177b4       0x40 C:/devkitPro/libnds/lib\libnds9.a(fifosystem.o)
                0x020177b4                fifo_value32_data
 .bss.fifo_value32_func
                0x020177f4       0x40 C:/devkitPro/libnds/lib\libnds9.a(fifosystem.o)
                0x020177f4                fifo_value32_func
 .bss.fifo_value32_queue
                0x02017834       0x40 C:/devkitPro/libnds/lib\libnds9.a(fifosystem.o)
                0x02017834                fifo_value32_queue
 .bss.processing
                0x02017874        0x4 C:/devkitPro/libnds/lib\libnds9.a(fifosystem.o)
                0x02017874                processing
 .bss.bgIsTextLut
                0x02017878        0x8 C:/devkitPro/libnds/lib\libnds9.a(background.o)
                0x02017878                bgIsTextLut
 .bss.bgState   0x02017880      0x140 C:/devkitPro/libnds/lib\libnds9.a(background.o)
                0x02017880                bgState
 .bss.SDcallback
                0x020179c0        0x4 C:/devkitPro/libnds/lib\libnds9.a(system.o)
 .bss.__malloc_current_mallinfo
                0x020179c4       0x28 C:/devkitPro/devkitARM/bin/../lib/gcc/arm-none-eabi/13.2.0/../../../../arm-none-eabi/lib/thumb\libg.a(libc_a-mallocr.o)
                0x020179c4                __malloc_current_mallinfo
 .bss.__malloc_max_total_mem
                0x020179ec        0x4 C:/devkitPro/devkitARM/bin/../lib/gcc/arm-none-eabi/13.2.0/../../../../arm-none-eabi/lib/thumb\libg.a(libc_a-mallocr.o)
                0x020179ec                __malloc_max_total_mem
 .bss.__malloc_max_sbrked_mem
                0x020179f0        0x4 C:/devkitPro/devkitARM/bin/../lib/gcc/arm-none-eabi/13.2.0/../../../../arm-none-eabi/lib/thumb\libg.a(libc_a-mallocr.o)
                0x020179f0                __malloc_max_sbrked_mem
 .bss.__malloc_top_pad
                0x020179f4        0x4 C:/devkitPro/devkitARM/bin/../lib/gcc/arm-none-eabi/13.2.0/../../../../arm-none-eabi/lib/thumb\libg.a(libc_a-mallocr.o)
                0x020179f4                __malloc_top_pad
 .bss.__malloc_recursive_mutex
                0x020179f8        0xc C:/devkitPro/devkitARM/bin/../lib/gcc/arm-none-eabi/13.2.0/../../../../arm-none-eabi/lib/thumb\libg.a(libc_a-mlock.o)
 .bss.__sfp_recursive_mutex
                0x02017a04        0xc C:/devkitPro/devkitARM/bin/../lib/gcc/arm-none-eabi/13.2.0/../../../../arm-none-eabi/lib/thumb\libg.a(libc_a-findfp.o)
 .bss.__sf      0x02017a10      0x168 C:/devkitPro/devkitARM/bin/../lib/gcc/arm-none-eabi/13.2.0/../../../../arm-none-eabi/lib/thumb\libg.a(libc_a-findfp.o)
                0x02017a10                __sf
 .bss.__stdio_exit_handler
                0x02017b78        0x4 C:/devkitPro/devkitARM/bin/../lib/gcc/arm-none-eabi/13.2.0/../../../../arm-none-eabi/lib/thumb\libg.a(libc_a-findfp.o)
                0x02017b78                __stdio_exit_handler
 .bss.__hndl_lock
                0x02017b7c        0x4 C:/devkitPro/devkitARM/bin/../lib/gcc/arm-none-eabi/13.2.0/../../../../arm-none-eabi/lib/thumb\libsysbase.a(libsysbase_libsysbase_a-handle_manager.o)
 .bss.fake_heap_start
                0x02017b80        0x4 C:/devkitPro/devkitARM/bin/../lib/gcc/arm-none-eabi/13.2.0/../../../../arm-none-eabi/lib/thumb\libsysbase.a(libsysbase_libsysbase_a-malloc_vars.o)
                0x02017b80                fake_heap_start
 .bss.fake_heap_end
                0x02017b84        0x4 C:/devkitPro/devkitARM/bin/../lib/gcc/arm-none-eabi/13.2.0/../../../../arm-none-eabi/lib/thumb\libsysbase.a(libsysbase_libsysbase_a-malloc_vars.o)
                0x02017b84                fake_heap_end
 .bss.heap_start.0
                0x02017b88        0x4 C:/devkitPro/devkitARM/bin/../lib/gcc/arm-none-eabi/13.2.0/../../../../arm-none-eabi/lib/thumb\libsysbase.a(libsysbase_libsysbase_a-sbrk.o)
 *(EXCLUDE_FILE(*.twl*) COMMON)
                0x02017b8c                        . = ALIGN (0x4)
                0x02017b8c                        __bss_end__ = ABSOLUTE (.)
                0x02017b8c                        __end__ = ABSOLUTE (.)

.twl            0x02017b8c        0x0 load address 0x02400000
                0x02400000                        __arm9i_lma__ = LOADADDR (.twl)
                0x02017b8c                        __arm9i_start__ = ABSOLUTE (.)
 *(.twl)
 *.twl*(.text .stub .text.* .gnu.linkonce.t.*)
 *.twl*(.rodata)
 *.twl*(.roda)
 *.twl*(.rodata.*)
 *.twl*(.data)
 *.twl*(.data.*)
 *.twl*(.gnu.linkonce.d*)
                0x02017b8c                        __arm9i_end__ = ABSOLUTE (.)

.twl_bss        0x02017b8c        0x0
                0x02017b8c                        __twl_bss_start__ = ABSOLUTE (.)
 *(.twl_bss)
 *.twl*(.dynbss)
 *.twl*(.gnu.linkonce.b*)
 *.twl*(.bss*)
 *.twl*(COMMON)
                0x02017b8c                        . = ALIGN (0x4)
                0x02017b8c                        __twl_bss_end__ = ABSOLUTE (.)
                0x02017b8c                        __twl_end__ = ABSOLUTE (.)

.stab
 *(.stab)

.stabstr
 *(.stabstr)

.stab.excl
 *(.stab.excl)

.stab.exclstr
 *(.stab.exclstr)

.stab.index
 *(.stab.index)

.stab.indexstr
 *(.stab.indexstr)

.comment        0x00000000       0x46
 *(.comment)
 .comment       0x00000000       0x46 C:/devkitPro/devkitARM/bin/../lib/gcc/arm-none-eabi/13.2.0/thumb/crtbegin.o
                                 0x24 (size before relaxing)
 .comment       0x00000046       0x24 main.o
 .comment       0x00000046       0x24 C:/devkitPro/libnds/lib\libnds9.a(console.o)
 .comment       0x00000046       0x24 C:/devkitPro/libnds/lib\libnds9.a(keys.o)
 .comment       0x00000046       0x24 C:/devkitPro/libnds/lib\libnds9.a(initSystem.o)
 .comment       0x00000046       0x24 C:/devkitPro/libnds/lib\libnds9.a(securearea.o)
 .comment       0x00000046       0x24 C:/devkitPro/libnds/lib\libnds9.a(interrupts.o)
 .comment       0x00000046       0x24 C:/devkitPro/libnds/lib\libnds9.a(libnds_exit.arm.o)
 .comment       0x00000046       0x24 C:/devkitPro/libnds/lib\libnds9.a(fifosystem.o)
 .comment       0x00000046       0x24 C:/devkitPro/libnds/lib\libnds9.a(background.o)
 .comment       0x00000046       0x24 C:/devkitPro/libnds/lib\libnds9.a(trig.o)
 .comment       0x00000046       0x24 C:/devkitPro/libnds/lib\libnds9.a(video.o)
 .comment       0x00000046       0x24 C:/devkitPro/libnds/lib\libnds9.a(system.o)
 .comment       0x00000046       0x24 C:/devkitPro/devkitARM/bin/../lib/gcc/arm-none-eabi/13.2.0/../../../../arm-none-eabi/lib/thumb\libg.a(libc_a-sprintf.o)
 .comment       0x00000046       0x24 C:/devkitPro/devkitARM/bin/../lib/gcc/arm-none-eabi/13.2.0/../../../../arm-none-eabi/lib/thumb\libg.a(libc_a-siscanf.o)
 .comment       0x00000046       0x24 C:/devkitPro/devkitARM/bin/../lib/gcc/arm-none-eabi/13.2.0/../../../../arm-none-eabi/lib/thumb\libg.a(libc_a-setvbuf.o)
 .comment       0x00000046       0x24 C:/devkitPro/devkitARM/bin/../lib/gcc/arm-none-eabi/13.2.0/../../../../arm-none-eabi/lib/thumb\libg.a(libc_a-svfiscanf.o)
 .comment       0x00000046       0x24 C:/devkitPro/devkitARM/bin/../lib/gcc/arm-none-eabi/13.2.0/../../../../arm-none-eabi/lib/thumb\libg.a(libc_a-freer.o)
 .comment       0x00000046       0x24 C:/devkitPro/devkitARM/bin/../lib/gcc/arm-none-eabi/13.2.0/../../../../arm-none-eabi/lib/thumb\libg.a(libc_a-iprintf.o)
 .comment       0x00000046       0x24 C:/devkitPro/devkitARM/bin/../lib/gcc/arm-none-eabi/13.2.0/../../../../arm-none-eabi/lib/thumb\libg.a(libc_a-svfprintf.o)
 .comment       0x00000046       0x24 C:/devkitPro/devkitARM/bin/../lib/gcc/arm-none-eabi/13.2.0/../../../../arm-none-eabi/lib/thumb\libg.a(libc_a-malloc.o)
 .comment       0x00000046       0x24 C:/devkitPro/devkitARM/bin/../lib/gcc/arm-none-eabi/13.2.0/../../../../arm-none-eabi/lib/thumb\libg.a(libc_a-mallocr.o)
 .comment       0x00000046       0x24 C:/devkitPro/devkitARM/bin/../lib/gcc/arm-none-eabi/13.2.0/../../../../arm-none-eabi/lib/thumb\libg.a(libc_a-memset.o)
 .comment       0x00000046       0x24 C:/devkitPro/devkitARM/bin/../lib/gcc/arm-none-eabi/13.2.0/../../../../arm-none-eabi/lib/thumb\libg.a(libc_a-mlock.o)
 .comment       0x00000046       0x24 C:/devkitPro/devkitARM/bin/../lib/gcc/arm-none-eabi/13.2.0/../../../../arm-none-eabi/lib/thumb\libg.a(libc_a-strlen.o)
 .comment       0x00000046       0x24 C:/devkitPro/devkitARM/bin/../lib/gcc/arm-none-eabi/13.2.0/../../../../arm-none-eabi/lib/thumb\libg.a(libc_a-fflush.o)
 .comment       0x00000046       0x24 C:/devkitPro/devkitARM/bin/../lib/gcc/arm-none-eabi/13.2.0/../../../../arm-none-eabi/lib/thumb\libg.a(libc_a-fwalk.o)
 .comment       0x00000046       0x24 C:/devkitPro/devkitARM/bin/../lib/gcc/arm-none-eabi/13.2.0/../../../../arm-none-eabi/lib/thumb\libg.a(libc_a-strncpy.o)
 .comment       0x00000046       0x24 C:/devkitPro/devkitARM/bin/../lib/gcc/arm-none-eabi/13.2.0/../../../../arm-none-eabi/lib/thumb\libg.a(libc_a-findfp.o)
 .comment       0x00000046       0x24 C:/devkitPro/devkitARM/bin/../lib/gcc/arm-none-eabi/13.2.0/../../../../arm-none-eabi/lib/thumb\libg.a(libc_a-strtol.o)
 .comment       0x00000046       0x24 C:/devkitPro/devkitARM/bin/../lib/gcc/arm-none-eabi/13.2.0/../../../../arm-none-eabi/lib/thumb\libg.a(libc_a-realloc.o)
 .comment       0x00000046       0x24 C:/devkitPro/devkitARM/bin/../lib/gcc/arm-none-eabi/13.2.0/../../../../arm-none-eabi/lib/thumb\libg.a(libc_a-strtoul.o)
 .comment       0x00000046       0x24 C:/devkitPro/devkitARM/bin/../lib/gcc/arm-none-eabi/13.2.0/../../../../arm-none-eabi/lib/thumb\libg.a(libc_a-locale.o)
 .comment       0x00000046       0x24 C:/devkitPro/devkitARM/bin/../lib/gcc/arm-none-eabi/13.2.0/../../../../arm-none-eabi/lib/thumb\libg.a(libc_a-localeconv.o)
 .comment       0x00000046       0x24 C:/devkitPro/devkitARM/bin/../lib/gcc/arm-none-eabi/13.2.0/../../../../arm-none-eabi/lib/thumb\libg.a(libc_a-memchr-stub.o)
 .comment       0x00000046       0x24 C:/devkitPro/devkitARM/bin/../lib/gcc/arm-none-eabi/13.2.0/../../../../arm-none-eabi/lib/thumb\libg.a(libc_a-wctomb_r.o)
 .comment       0x00000046       0x24 C:/devkitPro/devkitARM/bin/../lib/gcc/arm-none-eabi/13.2.0/../../../../arm-none-eabi/lib/thumb\libg.a(libc_a-memcpy-stub.o)
 .comment       0x00000046       0x24 C:/devkitPro/devkitARM/bin/../lib/gcc/arm-none-eabi/13.2.0/../../../../arm-none-eabi/lib/thumb\libg.a(libc_a-impure.o)
 .comment       0x00000046       0x24 C:/devkitPro/devkitARM/bin/../lib/gcc/arm-none-eabi/13.2.0/../../../../arm-none-eabi/lib/thumb\libg.a(libc_a-init.o)
 .comment       0x00000046       0x24 C:/devkitPro/devkitARM/bin/../lib/gcc/arm-none-eabi/13.2.0/../../../../arm-none-eabi/lib/thumb\libg.a(libc_a-errno.o)
 .comment       0x00000046       0x24 C:/devkitPro/devkitARM/bin/../lib/gcc/arm-none-eabi/13.2.0/../../../../arm-none-eabi/lib/thumb\libg.a(libm_a-s_frexp.o)
 .comment       0x00000046       0x24 C:/devkitPro/devkitARM/bin/../lib/gcc/arm-none-eabi/13.2.0/../../../../arm-none-eabi/lib/thumb\libg.a(libc_a-strtoll.o)
 .comment       0x00000046       0x24 C:/devkitPro/devkitARM/bin/../lib/gcc/arm-none-eabi/13.2.0/../../../../arm-none-eabi/lib/thumb\libg.a(libc_a-strtoull.o)
 .comment       0x00000046       0x24 C:/devkitPro/devkitARM/bin/../lib/gcc/arm-none-eabi/13.2.0/../../../../arm-none-eabi/lib/thumb\libg.a(libc_a-iswspace.o)
 .comment       0x00000046       0x24 C:/devkitPro/devkitARM/bin/../lib/gcc/arm-none-eabi/13.2.0/../../../../arm-none-eabi/lib/thumb\libg.a(libc_a-mbrtowc.o)
 .comment       0x00000046       0x24 C:/devkitPro/devkitARM/bin/../lib/gcc/arm-none-eabi/13.2.0/../../../../arm-none-eabi/lib/thumb\libg.a(libc_a-makebuf.o)
 .comment       0x00000046       0x24 C:/devkitPro/devkitARM/bin/../lib/gcc/arm-none-eabi/13.2.0/../../../../arm-none-eabi/lib/thumb\libg.a(libc_a-wcrtomb.o)
 .comment       0x00000046       0x24 C:/devkitPro/devkitARM/bin/../lib/gcc/arm-none-eabi/13.2.0/../../../../arm-none-eabi/lib/thumb\libg.a(libc_a-iswspace_l.o)
 .comment       0x00000046       0x24 C:/devkitPro/devkitARM/bin/../lib/gcc/arm-none-eabi/13.2.0/../../../../arm-none-eabi/lib/thumb\libg.a(libc_a-wcsrtombs.o)
 .comment       0x00000046       0x24 C:/devkitPro/devkitARM/bin/../lib/gcc/arm-none-eabi/13.2.0/../../../../arm-none-eabi/lib/thumb\libg.a(libc_a-ctype_.o)
 .comment       0x00000046       0x24 C:/devkitPro/devkitARM/bin/../lib/gcc/arm-none-eabi/13.2.0/../../../../arm-none-eabi/lib/thumb\libg.a(libc_a-sccl.o)
 .comment       0x00000046       0x24 C:/devkitPro/devkitARM/bin/../lib/gcc/arm-none-eabi/13.2.0/../../../../arm-none-eabi/lib/thumb\libg.a(libc_a-ungetc.o)
 .comment       0x00000046       0x24 C:/devkitPro/devkitARM/bin/../lib/gcc/arm-none-eabi/13.2.0/../../../../arm-none-eabi/lib/thumb\libg.a(libc_a-stdio.o)
 .comment       0x00000046       0x24 C:/devkitPro/devkitARM/bin/../lib/gcc/arm-none-eabi/13.2.0/../../../../arm-none-eabi/lib/thumb\libg.a(libc_a-categories.o)
 .comment       0x00000046       0x24 C:/devkitPro/devkitARM/bin/../lib/gcc/arm-none-eabi/13.2.0/../../../../arm-none-eabi/lib/thumb\libg.a(libc_a-vfiprintf.o)
 .comment       0x00000046       0x24 C:/devkitPro/devkitARM/bin/../lib/gcc/arm-none-eabi/13.2.0/../../../../arm-none-eabi/lib/thumb\libg.a(libc_a-svfiprintf.o)
 .comment       0x00000046       0x24 C:/devkitPro/devkitARM/bin/../lib/gcc/arm-none-eabi/13.2.0/../../../../arm-none-eabi/lib/thumb\libg.a(libc_a-wsetup.o)
 .comment       0x00000046       0x24 C:/devkitPro/devkitARM/bin/../lib/gcc/arm-none-eabi/13.2.0/../../../../arm-none-eabi/lib/thumb\libg.a(libc_a-dtoa.o)
 .comment       0x00000046       0x24 C:/devkitPro/devkitARM/bin/../lib/gcc/arm-none-eabi/13.2.0/../../../../arm-none-eabi/lib/thumb\libg.a(libc_a-fclose.o)
 .comment       0x00000046       0x24 C:/devkitPro/devkitARM/bin/../lib/gcc/arm-none-eabi/13.2.0/../../../../arm-none-eabi/lib/thumb\libg.a(libc_a-memmove.o)
 .comment       0x00000046       0x24 C:/devkitPro/devkitARM/bin/../lib/gcc/arm-none-eabi/13.2.0/../../../../arm-none-eabi/lib/thumb\libg.a(libc_a-mprec.o)
 .comment       0x00000046       0x24 C:/devkitPro/devkitARM/bin/../lib/gcc/arm-none-eabi/13.2.0/../../../../arm-none-eabi/lib/thumb\libg.a(libc_a-fvwrite.o)
 .comment       0x00000046       0x24 C:/devkitPro/devkitARM/bin/../lib/gcc/arm-none-eabi/13.2.0/../../../../arm-none-eabi/lib/thumb\libg.a(libc_a-reallocr.o)
 .comment       0x00000046       0x24 C:/devkitPro/devkitARM/bin/../lib/gcc/arm-none-eabi/13.2.0/../../../../arm-none-eabi/lib/thumb\libg.a(libc_a-mbtowc_r.o)
 .comment       0x00000046       0x24 C:/devkitPro/devkitARM/bin/../lib/gcc/arm-none-eabi/13.2.0/../../../../arm-none-eabi/lib/thumb\libg.a(libc_a-wcsnrtombs.o)
 .comment       0x00000046       0x24 C:/devkitPro/devkitARM/bin/../lib/gcc/arm-none-eabi/13.2.0/../../../../arm-none-eabi/lib/thumb\libg.a(libc_a-callocr.o)
 .comment       0x00000046       0x24 C:/devkitPro/devkitARM/bin/../lib/gcc/arm-none-eabi/13.2.0/../../../../arm-none-eabi/lib/thumb\libg.a(libc_a-assert.o)
 .comment       0x00000046       0x24 C:/devkitPro/devkitARM/bin/../lib/gcc/arm-none-eabi/13.2.0/../../../../arm-none-eabi/lib/thumb\libg.a(libc_a-fiprintf.o)
 .comment       0x00000046       0x24 C:/devkitPro/devkitARM/bin/../lib/gcc/arm-none-eabi/13.2.0/../../../../arm-none-eabi/lib/thumb\libg.a(libc_a-abort.o)
 .comment       0x00000046       0x24 C:/devkitPro/devkitARM/bin/../lib/gcc/arm-none-eabi/13.2.0/../../../../arm-none-eabi/lib/thumb\libg.a(libc_a-signal.o)
 .comment       0x00000046       0x24 C:/devkitPro/devkitARM/bin/../lib/gcc/arm-none-eabi/13.2.0/../../../../arm-none-eabi/lib/thumb\libsysbase.a(libsysbase_libsysbase_a-_exit.o)
 .comment       0x00000046       0x24 C:/devkitPro/devkitARM/bin/../lib/gcc/arm-none-eabi/13.2.0/../../../../arm-none-eabi/lib/thumb\libsysbase.a(libsysbase_libsysbase_a-build_argv.o)
 .comment       0x00000046       0x24 C:/devkitPro/devkitARM/bin/../lib/gcc/arm-none-eabi/13.2.0/../../../../arm-none-eabi/lib/thumb\libsysbase.a(libsysbase_libsysbase_a-fstat.o)
 .comment       0x00000046       0x24 C:/devkitPro/devkitARM/bin/../lib/gcc/arm-none-eabi/13.2.0/../../../../arm-none-eabi/lib/thumb\libsysbase.a(libsysbase_libsysbase_a-getpid.o)
 .comment       0x00000046       0x24 C:/devkitPro/devkitARM/bin/../lib/gcc/arm-none-eabi/13.2.0/../../../../arm-none-eabi/lib/thumb\libsysbase.a(libsysbase_libsysbase_a-getreent.o)
 .comment       0x00000046       0x24 C:/devkitPro/devkitARM/bin/../lib/gcc/arm-none-eabi/13.2.0/../../../../arm-none-eabi/lib/thumb\libsysbase.a(libsysbase_libsysbase_a-handle_manager.o)
 .comment       0x00000046       0x24 C:/devkitPro/devkitARM/bin/../lib/gcc/arm-none-eabi/13.2.0/../../../../arm-none-eabi/lib/thumb\libsysbase.a(libsysbase_libsysbase_a-iosupport.o)
 .comment       0x00000046       0x24 C:/devkitPro/devkitARM/bin/../lib/gcc/arm-none-eabi/13.2.0/../../../../arm-none-eabi/lib/thumb\libsysbase.a(libsysbase_libsysbase_a-isatty.o)
 .comment       0x00000046       0x24 C:/devkitPro/devkitARM/bin/../lib/gcc/arm-none-eabi/13.2.0/../../../../arm-none-eabi/lib/thumb\libsysbase.a(libsysbase_libsysbase_a-kill.o)
 .comment       0x00000046       0x24 C:/devkitPro/devkitARM/bin/../lib/gcc/arm-none-eabi/13.2.0/../../../../arm-none-eabi/lib/thumb\libsysbase.a(libsysbase_libsysbase_a-lseek.o)
 .comment       0x00000046       0x24 C:/devkitPro/devkitARM/bin/../lib/gcc/arm-none-eabi/13.2.0/../../../../arm-none-eabi/lib/thumb\libsysbase.a(libsysbase_libsysbase_a-malloc_vars.o)
 .comment       0x00000046       0x24 C:/devkitPro/devkitARM/bin/../lib/gcc/arm-none-eabi/13.2.0/../../../../arm-none-eabi/lib/thumb\libsysbase.a(libsysbase_libsysbase_a-read.o)
 .comment       0x00000046       0x24 C:/devkitPro/devkitARM/bin/../lib/gcc/arm-none-eabi/13.2.0/../../../../arm-none-eabi/lib/thumb\libsysbase.a(libsysbase_libsysbase_a-sbrk.o)
 .comment       0x00000046       0x24 C:/devkitPro/devkitARM/bin/../lib/gcc/arm-none-eabi/13.2.0/../../../../arm-none-eabi/lib/thumb\libsysbase.a(libsysbase_libsysbase_a-syscall_support.o)
 .comment       0x00000046       0x24 C:/devkitPro/devkitARM/bin/../lib/gcc/arm-none-eabi/13.2.0/../../../../arm-none-eabi/lib/thumb\libsysbase.a(libsysbase_libsysbase_a-write.o)
 .comment       0x00000046       0x24 C:/devkitPro/devkitARM/bin/../lib/gcc/arm-none-eabi/13.2.0/thumb\libgcc.a(_muldi3.o)
 .comment       0x00000046       0x24 C:/devkitPro/devkitARM/bin/../lib/gcc/arm-none-eabi/13.2.0/thumb\libgcc.a(_udivmoddi4.o)
 .comment       0x00000046       0x24 C:/devkitPro/devkitARM/bin/../lib/gcc/arm-none-eabi/13.2.0/thumb/crtend.o

.ARM.attributes
                0x00000000       0x2d
 .ARM.attributes
                0x00000000       0x21 C:/devkitPro/devkitARM/bin/../lib/gcc/arm-none-eabi/13.2.0/../../../../arm-none-eabi/lib/thumb/ds_arm9_crt0.o
 .ARM.attributes
                0x00000021       0x1c C:/devkitPro/devkitARM/bin/../lib/gcc/arm-none-eabi/13.2.0/thumb/crti.o
 .ARM.attributes
                0x0000003d       0x2a C:/devkitPro/devkitARM/bin/../lib/gcc/arm-none-eabi/13.2.0/thumb/crtbegin.o
 .ARM.attributes
                0x00000067       0x27 main.o
 .ARM.attributes
                0x0000008e       0x2b C:/devkitPro/libnds/lib\libnds9.a(console.o)
 .ARM.attributes
                0x000000b9       0x2b C:/devkitPro/libnds/lib\libnds9.a(keys.o)
 .ARM.attributes
                0x000000e4       0x2b C:/devkitPro/libnds/lib\libnds9.a(initSystem.o)
 .ARM.attributes
                0x0000010f       0x2b C:/devkitPro/libnds/lib\libnds9.a(securearea.o)
 .ARM.attributes
                0x0000013a       0x2b C:/devkitPro/libnds/lib\libnds9.a(interrupts.o)
 .ARM.attributes
                0x00000165       0x2b C:/devkitPro/libnds/lib\libnds9.a(libnds_exit.arm.o)
 .ARM.attributes
                0x00000190       0x2b C:/devkitPro/libnds/lib\libnds9.a(fifosystem.o)
 .ARM.attributes
                0x000001bb       0x21 C:/devkitPro/libnds/lib\libnds9.a(mpu_setup.o)
 .ARM.attributes
                0x000001dc       0x21 C:/devkitPro/libnds/lib\libnds9.a(IntrWait.o)
 .ARM.attributes
                0x000001fd       0x21 C:/devkitPro/libnds/lib\libnds9.a(cpu_clock.o)
 .ARM.attributes
                0x0000021e       0x1b C:/devkitPro/libnds/lib\libnds9.a(interruptDispatcher.o)
 .ARM.attributes
                0x00000239       0x21 C:/devkitPro/libnds/lib\libnds9.a(swiSoftReset.o)
 .ARM.attributes
                0x0000025a       0x14 C:/devkitPro/libnds/lib\libnds9.a(default_font.bin.o)
 .ARM.attributes
                0x0000026e       0x2b C:/devkitPro/libnds/lib\libnds9.a(background.o)
 .ARM.attributes
                0x00000299       0x2b C:/devkitPro/libnds/lib\libnds9.a(trig.o)
 .ARM.attributes
                0x000002c4       0x2b C:/devkitPro/libnds/lib\libnds9.a(video.o)
 .ARM.attributes
                0x000002ef       0x2b C:/devkitPro/libnds/lib\libnds9.a(system.o)
 .ARM.attributes
                0x0000031a       0x1b C:/devkitPro/libnds/lib\libnds9.a(biosCalls.o)
 .ARM.attributes
                0x00000335       0x1c C:/devkitPro/devkitARM/bin/../lib/gcc/arm-none-eabi/13.2.0/thumb\libgcc.a(_arm_mulsf3.o)
 .ARM.attributes
                0x00000351       0x1c C:/devkitPro/devkitARM/bin/../lib/gcc/arm-none-eabi/13.2.0/thumb\libgcc.a(_divsi3.o)
 .ARM.attributes
                0x0000036d       0x1c C:/devkitPro/devkitARM/bin/../lib/gcc/arm-none-eabi/13.2.0/thumb\libgcc.a(_dvmd_tls.o)
 .ARM.attributes
                0x00000389       0x1c C:/devkitPro/devkitARM/bin/../lib/gcc/arm-none-eabi/13.2.0/thumb\libgcc.a(_arm_addsubdf3.o)
 .ARM.attributes
                0x000003a5       0x1c C:/devkitPro/devkitARM/bin/../lib/gcc/arm-none-eabi/13.2.0/thumb\libgcc.a(_arm_fixdfsi.o)
 .ARM.attributes
                0x000003c1       0x1c C:/devkitPro/devkitARM/bin/../lib/gcc/arm-none-eabi/13.2.0/thumb\libgcc.a(_arm_addsubsf3.o)
 .ARM.attributes
                0x000003dd       0x2a C:/devkitPro/devkitARM/bin/../lib/gcc/arm-none-eabi/13.2.0/../../../../arm-none-eabi/lib/thumb\libg.a(libc_a-sprintf.o)
 .ARM.attributes
                0x00000407       0x2a C:/devkitPro/devkitARM/bin/../lib/gcc/arm-none-eabi/13.2.0/../../../../arm-none-eabi/lib/thumb\libg.a(libc_a-siscanf.o)
 .ARM.attributes
                0x00000431       0x2a C:/devkitPro/devkitARM/bin/../lib/gcc/arm-none-eabi/13.2.0/../../../../arm-none-eabi/lib/thumb\libg.a(libc_a-setvbuf.o)
 .ARM.attributes
                0x0000045b       0x2a C:/devkitPro/devkitARM/bin/../lib/gcc/arm-none-eabi/13.2.0/../../../../arm-none-eabi/lib/thumb\libg.a(libc_a-svfiscanf.o)
 .ARM.attributes
                0x00000485       0x2a C:/devkitPro/devkitARM/bin/../lib/gcc/arm-none-eabi/13.2.0/../../../../arm-none-eabi/lib/thumb\libg.a(libc_a-freer.o)
 .ARM.attributes
                0x000004af       0x2a C:/devkitPro/devkitARM/bin/../lib/gcc/arm-none-eabi/13.2.0/../../../../arm-none-eabi/lib/thumb\libg.a(libc_a-iprintf.o)
 .ARM.attributes
                0x000004d9       0x2a C:/devkitPro/devkitARM/bin/../lib/gcc/arm-none-eabi/13.2.0/../../../../arm-none-eabi/lib/thumb\libg.a(libc_a-svfprintf.o)
 .ARM.attributes
                0x00000503       0x2a C:/devkitPro/devkitARM/bin/../lib/gcc/arm-none-eabi/13.2.0/../../../../arm-none-eabi/lib/thumb\libg.a(libc_a-malloc.o)
 .ARM.attributes
                0x0000052d       0x2a C:/devkitPro/devkitARM/bin/../lib/gcc/arm-none-eabi/13.2.0/../../../../arm-none-eabi/lib/thumb\libg.a(libc_a-mallocr.o)
 .ARM.attributes
                0x00000557       0x2a C:/devkitPro/devkitARM/bin/../lib/gcc/arm-none-eabi/13.2.0/../../../../arm-none-eabi/lib/thumb\libg.a(libc_a-memset.o)
 .ARM.attributes
                0x00000581       0x2a C:/devkitPro/devkitARM/bin/../lib/gcc/arm-none-eabi/13.2.0/../../../../arm-none-eabi/lib/thumb\libg.a(libc_a-mlock.o)
 .ARM.attributes
                0x000005ab       0x2a C:/devkitPro/devkitARM/bin/../lib/gcc/arm-none-eabi/13.2.0/../../../../arm-none-eabi/lib/thumb\libg.a(libc_a-strlen.o)
 .ARM.attributes
                0x000005d5       0x2a C:/devkitPro/devkitARM/bin/../lib/gcc/arm-none-eabi/13.2.0/../../../../arm-none-eabi/lib/thumb\libg.a(libc_a-fflush.o)
 .ARM.attributes
                0x000005ff       0x2a C:/devkitPro/devkitARM/bin/../lib/gcc/arm-none-eabi/13.2.0/../../../../arm-none-eabi/lib/thumb\libg.a(libc_a-fwalk.o)
 .ARM.attributes
                0x00000629       0x2a C:/devkitPro/devkitARM/bin/../lib/gcc/arm-none-eabi/13.2.0/../../../../arm-none-eabi/lib/thumb\libg.a(libc_a-strncpy.o)
 .ARM.attributes
                0x00000653       0x2a C:/devkitPro/devkitARM/bin/../lib/gcc/arm-none-eabi/13.2.0/../../../../arm-none-eabi/lib/thumb\libg.a(libc_a-findfp.o)
 .ARM.attributes
                0x0000067d       0x2a C:/devkitPro/devkitARM/bin/../lib/gcc/arm-none-eabi/13.2.0/../../../../arm-none-eabi/lib/thumb\libg.a(libc_a-strtol.o)
 .ARM.attributes
                0x000006a7       0x2a C:/devkitPro/devkitARM/bin/../lib/gcc/arm-none-eabi/13.2.0/../../../../arm-none-eabi/lib/thumb\libg.a(libc_a-realloc.o)
 .ARM.attributes
                0x000006d1       0x2a C:/devkitPro/devkitARM/bin/../lib/gcc/arm-none-eabi/13.2.0/../../../../arm-none-eabi/lib/thumb\libg.a(libc_a-strtoul.o)
 .ARM.attributes
                0x000006fb       0x2a C:/devkitPro/devkitARM/bin/../lib/gcc/arm-none-eabi/13.2.0/../../../../arm-none-eabi/lib/thumb\libg.a(libc_a-locale.o)
 .ARM.attributes
                0x00000725       0x2a C:/devkitPro/devkitARM/bin/../lib/gcc/arm-none-eabi/13.2.0/../../../../arm-none-eabi/lib/thumb\libg.a(libc_a-localeconv.o)
 .ARM.attributes
                0x0000074f       0x2a C:/devkitPro/devkitARM/bin/../lib/gcc/arm-none-eabi/13.2.0/../../../../arm-none-eabi/lib/thumb\libg.a(libc_a-memchr-stub.o)
 .ARM.attributes
                0x00000779       0x2a C:/devkitPro/devkitARM/bin/../lib/gcc/arm-none-eabi/13.2.0/../../../../arm-none-eabi/lib/thumb\libg.a(libc_a-wctomb_r.o)
 .ARM.attributes
                0x000007a3       0x2a C:/devkitPro/devkitARM/bin/../lib/gcc/arm-none-eabi/13.2.0/../../../../arm-none-eabi/lib/thumb\libg.a(libc_a-memcpy-stub.o)
 .ARM.attributes
                0x000007cd       0x2a C:/devkitPro/devkitARM/bin/../lib/gcc/arm-none-eabi/13.2.0/../../../../arm-none-eabi/lib/thumb\libg.a(libc_a-impure.o)
 .ARM.attributes
                0x000007f7       0x2a C:/devkitPro/devkitARM/bin/../lib/gcc/arm-none-eabi/13.2.0/../../../../arm-none-eabi/lib/thumb\libg.a(libc_a-init.o)
 .ARM.attributes
                0x00000821       0x2a C:/devkitPro/devkitARM/bin/../lib/gcc/arm-none-eabi/13.2.0/../../../../arm-none-eabi/lib/thumb\libg.a(libc_a-errno.o)
 .ARM.attributes
                0x0000084b       0x2a C:/devkitPro/devkitARM/bin/../lib/gcc/arm-none-eabi/13.2.0/../../../../arm-none-eabi/lib/thumb\libg.a(libm_a-s_frexp.o)
 .ARM.attributes
                0x00000875       0x2a C:/devkitPro/devkitARM/bin/../lib/gcc/arm-none-eabi/13.2.0/../../../../arm-none-eabi/lib/thumb\libg.a(libc_a-strtoll.o)
 .ARM.attributes
                0x0000089f       0x2a C:/devkitPro/devkitARM/bin/../lib/gcc/arm-none-eabi/13.2.0/../../../../arm-none-eabi/lib/thumb\libg.a(libc_a-strtoull.o)
 .ARM.attributes
                0x000008c9       0x2a C:/devkitPro/devkitARM/bin/../lib/gcc/arm-none-eabi/13.2.0/../../../../arm-none-eabi/lib/thumb\libg.a(libc_a-iswspace.o)
 .ARM.attributes
                0x000008f3       0x2a C:/devkitPro/devkitARM/bin/../lib/gcc/arm-none-eabi/13.2.0/../../../../arm-none-eabi/lib/thumb\libg.a(libc_a-mbrtowc.o)
 .ARM.attributes
                0x0000091d       0x2a C:/devkitPro/devkitARM/bin/../lib/gcc/arm-none-eabi/13.2.0/../../../../arm-none-eabi/lib/thumb\libg.a(libc_a-makebuf.o)
 .ARM.attributes
                0x00000947       0x2a C:/devkitPro/devkitARM/bin/../lib/gcc/arm-none-eabi/13.2.0/../../../../arm-none-eabi/lib/thumb\libg.a(libc_a-wcrtomb.o)
 .ARM.attributes
                0x00000971       0x2a C:/devkitPro/devkitARM/bin/../lib/gcc/arm-none-eabi/13.2.0/../../../../arm-none-eabi/lib/thumb\libg.a(libc_a-iswspace_l.o)
 .ARM.attributes
                0x0000099b       0x2a C:/devkitPro/devkitARM/bin/../lib/gcc/arm-none-eabi/13.2.0/../../../../arm-none-eabi/lib/thumb\libg.a(libc_a-wcsrtombs.o)
 .ARM.attributes
                0x000009c5       0x2a C:/devkitPro/devkitARM/bin/../lib/gcc/arm-none-eabi/13.2.0/../../../../arm-none-eabi/lib/thumb\libg.a(libc_a-ctype_.o)
 .ARM.attributes
                0x000009ef       0x2a C:/devkitPro/devkitARM/bin/../lib/gcc/arm-none-eabi/13.2.0/../../../../arm-none-eabi/lib/thumb\libg.a(libc_a-sccl.o)
 .ARM.attributes
                0x00000a19       0x2a C:/devkitPro/devkitARM/bin/../lib/gcc/arm-none-eabi/13.2.0/../../../../arm-none-eabi/lib/thumb\libg.a(libc_a-ungetc.o)
 .ARM.attributes
                0x00000a43       0x2a C:/devkitPro/devkitARM/bin/../lib/gcc/arm-none-eabi/13.2.0/../../../../arm-none-eabi/lib/thumb\libg.a(libc_a-stdio.o)
 .ARM.attributes
                0x00000a6d       0x2a C:/devkitPro/devkitARM/bin/../lib/gcc/arm-none-eabi/13.2.0/../../../../arm-none-eabi/lib/thumb\libg.a(libc_a-categories.o)
 .ARM.attributes
                0x00000a97       0x2a C:/devkitPro/devkitARM/bin/../lib/gcc/arm-none-eabi/13.2.0/../../../../arm-none-eabi/lib/thumb\libg.a(libc_a-vfiprintf.o)
 .ARM.attributes
                0x00000ac1       0x2a C:/devkitPro/devkitARM/bin/../lib/gcc/arm-none-eabi/13.2.0/../../../../arm-none-eabi/lib/thumb\libg.a(libc_a-svfiprintf.o)
 .ARM.attributes
                0x00000aeb       0x2a C:/devkitPro/devkitARM/bin/../lib/gcc/arm-none-eabi/13.2.0/../../../../arm-none-eabi/lib/thumb\libg.a(libc_a-wsetup.o)
 .ARM.attributes
                0x00000b15       0x2a C:/devkitPro/devkitARM/bin/../lib/gcc/arm-none-eabi/13.2.0/../../../../arm-none-eabi/lib/thumb\libg.a(libc_a-dtoa.o)
 .ARM.attributes
                0x00000b3f       0x2a C:/devkitPro/devkitARM/bin/../lib/gcc/arm-none-eabi/13.2.0/../../../../arm-none-eabi/lib/thumb\libg.a(libc_a-fclose.o)
 .ARM.attributes
                0x00000b69       0x2a C:/devkitPro/devkitARM/bin/../lib/gcc/arm-none-eabi/13.2.0/../../../../arm-none-eabi/lib/thumb\libg.a(libc_a-memmove.o)
 .ARM.attributes
                0x00000b93       0x2a C:/devkitPro/devkitARM/bin/../lib/gcc/arm-none-eabi/13.2.0/../../../../arm-none-eabi/lib/thumb\libg.a(libc_a-mprec.o)
 .ARM.attributes
                0x00000bbd       0x2a C:/devkitPro/devkitARM/bin/../lib/gcc/arm-none-eabi/13.2.0/../../../../arm-none-eabi/lib/thumb\libg.a(libc_a-fvwrite.o)
 .ARM.attributes
                0x00000be7       0x2a C:/devkitPro/devkitARM/bin/../lib/gcc/arm-none-eabi/13.2.0/../../../../arm-none-eabi/lib/thumb\libg.a(libc_a-reallocr.o)
 .ARM.attributes
                0x00000c11       0x2a C:/devkitPro/devkitARM/bin/../lib/gcc/arm-none-eabi/13.2.0/../../../../arm-none-eabi/lib/thumb\libg.a(libc_a-mbtowc_r.o)
 .ARM.attributes
                0x00000c3b       0x2a C:/devkitPro/devkitARM/bin/../lib/gcc/arm-none-eabi/13.2.0/../../../../arm-none-eabi/lib/thumb\libg.a(libc_a-wcsnrtombs.o)
 .ARM.attributes
                0x00000c65       0x2a C:/devkitPro/devkitARM/bin/../lib/gcc/arm-none-eabi/13.2.0/../../../../arm-none-eabi/lib/thumb\libg.a(libc_a-callocr.o)
 .ARM.attributes
                0x00000c8f       0x2a C:/devkitPro/devkitARM/bin/../lib/gcc/arm-none-eabi/13.2.0/../../../../arm-none-eabi/lib/thumb\libg.a(libc_a-assert.o)
 .ARM.attributes
                0x00000cb9       0x2a C:/devkitPro/devkitARM/bin/../lib/gcc/arm-none-eabi/13.2.0/../../../../arm-none-eabi/lib/thumb\libg.a(libc_a-fiprintf.o)
 .ARM.attributes
                0x00000ce3       0x2a C:/devkitPro/devkitARM/bin/../lib/gcc/arm-none-eabi/13.2.0/../../../../arm-none-eabi/lib/thumb\libg.a(libc_a-abort.o)
 .ARM.attributes
                0x00000d0d       0x2a C:/devkitPro/devkitARM/bin/../lib/gcc/arm-none-eabi/13.2.0/../../../../arm-none-eabi/lib/thumb\libg.a(libc_a-signal.o)
 .ARM.attributes
                0x00000d37       0x2a C:/devkitPro/devkitARM/bin/../lib/gcc/arm-none-eabi/13.2.0/../../../../arm-none-eabi/lib/thumb\libsysbase.a(libsysbase_libsysbase_a-_exit.o)
 .ARM.attributes
                0x00000d61       0x2a C:/devkitPro/devkitARM/bin/../lib/gcc/arm-none-eabi/13.2.0/../../../../arm-none-eabi/lib/thumb\libsysbase.a(libsysbase_libsysbase_a-build_argv.o)
 .ARM.attributes
                0x00000d8b       0x2a C:/devkitPro/devkitARM/bin/../lib/gcc/arm-none-eabi/13.2.0/../../../../arm-none-eabi/lib/thumb\libsysbase.a(libsysbase_libsysbase_a-fstat.o)
 .ARM.attributes
                0x00000db5       0x2a C:/devkitPro/devkitARM/bin/../lib/gcc/arm-none-eabi/13.2.0/../../../../arm-none-eabi/lib/thumb\libsysbase.a(libsysbase_libsysbase_a-getpid.o)
 .ARM.attributes
                0x00000ddf       0x2a C:/devkitPro/devkitARM/bin/../lib/gcc/arm-none-eabi/13.2.0/../../../../arm-none-eabi/lib/thumb\libsysbase.a(libsysbase_libsysbase_a-getreent.o)
 .ARM.attributes
                0x00000e09       0x2a C:/devkitPro/devkitARM/bin/../lib/gcc/arm-none-eabi/13.2.0/../../../../arm-none-eabi/lib/thumb\libsysbase.a(libsysbase_libsysbase_a-handle_manager.o)
 .ARM.attributes
                0x00000e33       0x2a C:/devkitPro/devkitARM/bin/../lib/gcc/arm-none-eabi/13.2.0/../../../../arm-none-eabi/lib/thumb\libsysbase.a(libsysbase_libsysbase_a-iosupport.o)
 .ARM.attributes
                0x00000e5d       0x2a C:/devkitPro/devkitARM/bin/../lib/gcc/arm-none-eabi/13.2.0/../../../../arm-none-eabi/lib/thumb\libsysbase.a(libsysbase_libsysbase_a-isatty.o)
 .ARM.attributes
                0x00000e87       0x2a C:/devkitPro/devkitARM/bin/../lib/gcc/arm-none-eabi/13.2.0/../../../../arm-none-eabi/lib/thumb\libsysbase.a(libsysbase_libsysbase_a-kill.o)
 .ARM.attributes
                0x00000eb1       0x2a C:/devkitPro/devkitARM/bin/../lib/gcc/arm-none-eabi/13.2.0/../../../../arm-none-eabi/lib/thumb\libsysbase.a(libsysbase_libsysbase_a-lseek.o)
 .ARM.attributes
                0x00000edb       0x2a C:/devkitPro/devkitARM/bin/../lib/gcc/arm-none-eabi/13.2.0/../../../../arm-none-eabi/lib/thumb\libsysbase.a(libsysbase_libsysbase_a-malloc_vars.o)
 .ARM.attributes
                0x00000f05       0x2a C:/devkitPro/devkitARM/bin/../lib/gcc/arm-none-eabi/13.2.0/../../../../arm-none-eabi/lib/thumb\libsysbase.a(libsysbase_libsysbase_a-read.o)
 .ARM.attributes
                0x00000f2f       0x2a C:/devkitPro/devkitARM/bin/../lib/gcc/arm-none-eabi/13.2.0/../../../../arm-none-eabi/lib/thumb\libsysbase.a(libsysbase_libsysbase_a-sbrk.o)
 .ARM.attributes